Archive member included to satisfy reference by file (symbol)

c:/nxp/mcuxpressoide_11.2.1_4149/ide/plugins/com.nxp.mcuxpresso.tools.win32_11.2.0.202008311134/tools/bin/../lib/gcc/arm-none-eabi/9.2.1/../../../../arm-none-eabi/lib/thumb/v6-m/nofp\libcr_semihost_nf.a(_cr__main.o)
                              ./startup/startup_mkl02z4.o (__main)
c:/nxp/mcuxpressoide_11.2.1_4149/ide/plugins/com.nxp.mcuxpresso.tools.win32_11.2.0.202008311134/tools/bin/../lib/gcc/arm-none-eabi/9.2.1/../../../../arm-none-eabi/lib/thumb/v6-m/nofp\libcr_semihost_nf.a(_cr_assert.o)
                              ./utilities/fsl_debug_console.o (__assertion_failed)
c:/nxp/mcuxpressoide_11.2.1_4149/ide/plugins/com.nxp.mcuxpresso.tools.win32_11.2.0.202008311134/tools/bin/../lib/gcc/arm-none-eabi/9.2.1/../../../../arm-none-eabi/lib/thumb/v6-m/nofp\libcr_semihost_nf.a(__ciob.o)
                              c:/nxp/mcuxpressoide_11.2.1_4149/ide/plugins/com.nxp.mcuxpresso.tools.win32_11.2.0.202008311134/tools/bin/../lib/gcc/arm-none-eabi/9.2.1/../../../../arm-none-eabi/lib/thumb/v6-m/nofp\libcr_semihost_nf.a(_cr_assert.o) (__Ciob)
c:/nxp/mcuxpressoide_11.2.1_4149/ide/plugins/com.nxp.mcuxpresso.tools.win32_11.2.0.202008311134/tools/bin/../lib/gcc/arm-none-eabi/9.2.1/../../../../arm-none-eabi/lib/thumb/v6-m/nofp\libcr_semihost_nf.a(__sys_appexit.o)
                              c:/nxp/mcuxpressoide_11.2.1_4149/ide/plugins/com.nxp.mcuxpresso.tools.win32_11.2.0.202008311134/tools/bin/../lib/gcc/arm-none-eabi/9.2.1/../../../../arm-none-eabi/lib/thumb/v6-m/nofp\libcr_semihost_nf.a(_cr_assert.o) (__sys_appexit)
c:/nxp/mcuxpressoide_11.2.1_4149/ide/plugins/com.nxp.mcuxpresso.tools.win32_11.2.0.202008311134/tools/bin/../lib/gcc/arm-none-eabi/9.2.1/../../../../arm-none-eabi/lib/thumb/v6-m/nofp\libcr_c.a(memcpy.o)
                              ./drivers/fsl_flash.o (memcpy)
c:/nxp/mcuxpressoide_11.2.1_4149/ide/plugins/com.nxp.mcuxpresso.tools.win32_11.2.0.202008311134/tools/bin/../lib/gcc/arm-none-eabi/9.2.1/../../../../arm-none-eabi/lib/thumb/v6-m/nofp\libcr_c.a(memset.o)
                              ./drivers/fsl_flash.o (memset)
c:/nxp/mcuxpressoide_11.2.1_4149/ide/plugins/com.nxp.mcuxpresso.tools.win32_11.2.0.202008311134/tools/bin/../lib/gcc/arm-none-eabi/9.2.1/../../../../arm-none-eabi/lib/thumb/v6-m/nofp\libcr_c.a(_deferredlazyseek.o)
                              c:/nxp/mcuxpressoide_11.2.1_4149/ide/plugins/com.nxp.mcuxpresso.tools.win32_11.2.0.202008311134/tools/bin/../lib/gcc/arm-none-eabi/9.2.1/../../../../arm-none-eabi/lib/thumb/v6-m/nofp\libcr_semihost_nf.a(_cr_assert.o) (__flsbuf)
c:/nxp/mcuxpressoide_11.2.1_4149/ide/plugins/com.nxp.mcuxpresso.tools.win32_11.2.0.202008311134/tools/bin/../lib/gcc/arm-none-eabi/9.2.1/../../../../arm-none-eabi/lib/thumb/v6-m/nofp\libcr_c.a(_fflush.o)
                              c:/nxp/mcuxpressoide_11.2.1_4149/ide/plugins/com.nxp.mcuxpresso.tools.win32_11.2.0.202008311134/tools/bin/../lib/gcc/arm-none-eabi/9.2.1/../../../../arm-none-eabi/lib/thumb/v6-m/nofp\libcr_c.a(_deferredlazyseek.o) (_fflush)
c:/nxp/mcuxpressoide_11.2.1_4149/ide/plugins/com.nxp.mcuxpresso.tools.win32_11.2.0.202008311134/tools/bin/../lib/gcc/arm-none-eabi/9.2.1/../../../../arm-none-eabi/lib/thumb/v6-m/nofp\libcr_c.a(_writebuf.o)
                              c:/nxp/mcuxpressoide_11.2.1_4149/ide/plugins/com.nxp.mcuxpresso.tools.win32_11.2.0.202008311134/tools/bin/../lib/gcc/arm-none-eabi/9.2.1/../../../../arm-none-eabi/lib/thumb/v6-m/nofp\libcr_c.a(_deferredlazyseek.o) (_Cwritebuf)
c:/nxp/mcuxpressoide_11.2.1_4149/ide/plugins/com.nxp.mcuxpresso.tools.win32_11.2.0.202008311134/tools/bin/../lib/gcc/arm-none-eabi/9.2.1/../../../../arm-none-eabi/lib/thumb/v6-m/nofp\libcr_c.a(alloc.o)
                              c:/nxp/mcuxpressoide_11.2.1_4149/ide/plugins/com.nxp.mcuxpresso.tools.win32_11.2.0.202008311134/tools/bin/../lib/gcc/arm-none-eabi/9.2.1/../../../../arm-none-eabi/lib/thumb/v6-m/nofp\libcr_c.a(_deferredlazyseek.o) (_Csys_alloc)
c:/nxp/mcuxpressoide_11.2.1_4149/ide/plugins/com.nxp.mcuxpresso.tools.win32_11.2.0.202008311134/tools/bin/../lib/gcc/arm-none-eabi/9.2.1/../../../../arm-none-eabi/lib/thumb/v6-m/nofp\libcr_c.a(fputs.o)
                              c:/nxp/mcuxpressoide_11.2.1_4149/ide/plugins/com.nxp.mcuxpresso.tools.win32_11.2.0.202008311134/tools/bin/../lib/gcc/arm-none-eabi/9.2.1/../../../../arm-none-eabi/lib/thumb/v6-m/nofp\libcr_semihost_nf.a(_cr_assert.o) (fputs)
c:/nxp/mcuxpressoide_11.2.1_4149/ide/plugins/com.nxp.mcuxpresso.tools.win32_11.2.0.202008311134/tools/bin/../lib/gcc/arm-none-eabi/9.2.1/../../../../arm-none-eabi/lib/thumb/v6-m/nofp\libcr_c.a(fseek.o)
                              c:/nxp/mcuxpressoide_11.2.1_4149/ide/plugins/com.nxp.mcuxpresso.tools.win32_11.2.0.202008311134/tools/bin/../lib/gcc/arm-none-eabi/9.2.1/../../../../arm-none-eabi/lib/thumb/v6-m/nofp\libcr_c.a(_deferredlazyseek.o) (fseek)
[...]
Memory Configuration

Name             Origin             Length             Attributes
PROGRAM_FLASH    0x00000000         0x00008000         xr
SRAM             0x1ffffc00         0x00001000         xrw
*default*        0x00000000         0xffffffff

Linker script and memory map

LOAD ./utilities/fsl_debug_console.o
LOAD ./utilities/fsl_io.o
LOAD ./utilities/fsl_log.o
LOAD ./utilities/fsl_str.o
LOAD ./startup/startup_mkl02z4.o
LOAD ./source/Proyecto_cuarto_maduracion_de_frutas.o
LOAD ./source/mtb.o
LOAD ./source/semihost_hardfault.o
LOAD ./sdk_hal/sdk_hal_gpio.o
LOAD ./drivers/fsl_clock.o
LOAD ./drivers/fsl_common.o
LOAD ./drivers/fsl_flash.o
LOAD ./drivers/fsl_gpio.o
LOAD ./drivers/fsl_lpsci.o
LOAD ./drivers/fsl_smc.o
LOAD ./board/board.o
LOAD ./board/clock_config.o
LOAD ./board/peripherals.o
LOAD ./board/pin_mux.o
LOAD ./CMSIS/system_MKL02Z4.o
START GROUP
LOAD c:/nxp/mcuxpressoide_11.2.1_4149/ide/plugins/com.nxp.mcuxpresso.tools.win32_11.2.0.202008311134/tools/bin/../lib/gcc/arm-none-eabi/9.2.1/../../../../arm-none-eabi/lib/thumb/v6-m/nofp\libcr_semihost_nf.a
LOAD c:/nxp/mcuxpressoide_11.2.1_4149/ide/plugins/com.nxp.mcuxpresso.tools.win32_11.2.0.202008311134/tools/bin/../lib/gcc/arm-none-eabi/9.2.1/../../../../arm-none-eabi/lib/thumb/v6-m/nofp\libcr_c.a
LOAD c:/nxp/mcuxpressoide_11.2.1_4149/ide/plugins/com.nxp.mcuxpresso.tools.win32_11.2.0.202008311134/tools/bin/../lib/gcc/arm-none-eabi/9.2.1/thumb/v6-m/nofp\libcr_eabihelpers.a
LOAD c:/nxp/mcuxpressoide_11.2.1_4149/ide/plugins/com.nxp.mcuxpresso.tools.win32_11.2.0.202008311134/tools/bin/../lib/gcc/arm-none-eabi/9.2.1/thumb/v6-m/nofp\libgcc.a
END GROUP
                0x00000000                __base_PROGRAM_FLASH = 0x0
                0x00000000                __base_Flash = 0x0
                0x00008000                __top_PROGRAM_FLASH = 0x8000
                0x00008000                __top_Flash = 0x8000
                0x1ffffc00                __base_SRAM = 0x1ffffc00
                0x1ffffc00                __base_RAM = 0x1ffffc00
                0x20000c00                __top_SRAM = 0x20000c00
                0x20000c00                __top_RAM = 0x20000c00

.text           0x00000000     0x2d58
 FILL mask 0xff
                0x00000000                __vectors_start__ = ABSOLUTE (.)
 *(SORT_BY_ALIGNMENT(.isr_vector))
 .isr_vector    0x00000000       0xc0 ./startup/startup_mkl02z4.o
                0x00000000                g_pfnVectors
                0x00000000                __Vectors
                0x000000c0                . = ALIGN (0x4)
                0x000000c0                __section_table_start = .
                0x000000c0                __data_section_table = .
                0x000000c0        0x4 LONG 0x2d58 LOADADDR (.data)
                0x000000c4        0x4 LONG 0x1ffffc80 ADDR (.data)
                0x000000c8        0x4 LONG 0x8 SIZEOF (.data)
                0x000000cc                __data_section_table_end = .
                0x000000cc                __bss_section_table = .
                0x000000cc        0x4 LONG 0x1ffffc88 ADDR (.bss)
                0x000000d0        0x4 LONG 0xd8 SIZEOF (.bss)
                0x000000d4                __bss_section_table_end = .
                0x000000d4                __section_table_end = .
 *(SORT_BY_ALIGNMENT(.after_vectors*))
 .after_vectors.reset
                0x000000d4       0x4c ./startup/startup_mkl02z4.o
                0x000000d4                ResetISR
 .after_vectors.init_data
                0x00000120       0x12 ./startup/startup_mkl02z4.o
                0x00000120                data_init
 .after_vectors.init_bss
                0x00000132       0x10 ./startup/startup_mkl02z4.o
                0x00000132                bss_init
 .after_vectors
                0x00000142      0x10c ./startup/startup_mkl02z4.o
                0x00000142                NMI_Handler
                0x00000146                SVC_Handler
                0x00000148                PendSV_Handler
                0x0000014a                SysTick_Handler
                0x0000014c                Reserved42_DriverIRQHandler
                0x0000014c                PORTB_DriverIRQHandler
                0x0000014c                LPTMR0_DriverIRQHandler
                0x0000014c                Reserved27_DriverIRQHandler
                0x0000014c                Reserved39_DriverIRQHandler
                0x0000014c                ADC0_DriverIRQHandler
                0x0000014c                Reserved29_DriverIRQHandler
                0x0000014c                Reserved16_DriverIRQHandler
                0x0000014c                I2C1_DriverIRQHandler
                0x0000014c                I2C0_DriverIRQHandler
                0x0000014c                LVD_LVW_DriverIRQHandler
                0x0000014c                Reserved37_DriverIRQHandler
                0x0000014c                Reserved19_DriverIRQHandler
                0x0000014c                Reserved36_DriverIRQHandler
                0x0000014c                MCG_DriverIRQHandler
                0x0000014c                SPI0_DriverIRQHandler
                0x0000014c                CMP0_DriverIRQHandler
                0x0000014c                Reserved17_DriverIRQHandler
                0x0000014c                FTFA_DriverIRQHandler
                0x0000014c                IntDefaultHandler
                0x0000014c                Reserved40_DriverIRQHandler
                0x0000014c                Reserved41_DriverIRQHandler
                0x0000014c                PORTA_DriverIRQHandler
                0x0000014c                TPM0_DriverIRQHandler
                0x0000014c                Reserved20_DriverIRQHandler
                0x0000014c                Reserved23_DriverIRQHandler
                0x0000014c                Reserved38_DriverIRQHandler
                0x0000014c                Reserved45_DriverIRQHandler
                0x0000014c                Reserved35_DriverIRQHandler
                0x0000014c                TPM1_DriverIRQHandler
                0x0000014c                Reserved30_DriverIRQHandler
                0x0000014c                Reserved18_DriverIRQHandler
                0x0000014e                Reserved16_IRQHandler
                0x00000156                Reserved17_IRQHandler
                0x0000015e                Reserved18_IRQHandler
                0x00000166                Reserved19_IRQHandler
                0x0000016e                Reserved20_IRQHandler
                0x00000176                FTFA_IRQHandler
                0x0000017e                LVD_LVW_IRQHandler
                0x00000186                Reserved23_IRQHandler
                0x0000018e                I2C0_IRQHandler
                0x00000196                I2C1_IRQHandler
                0x0000019e                SPI0_IRQHandler
                0x000001a6                Reserved27_IRQHandler
                0x000001ae                UART0_IRQHandler
                0x000001b6                Reserved29_IRQHandler
                0x000001be                Reserved30_IRQHandler
                0x000001c6                ADC0_IRQHandler
                0x000001ce                CMP0_IRQHandler
                0x000001d6                TPM0_IRQHandler
                0x000001de                TPM1_IRQHandler
                0x000001e6                Reserved35_IRQHandler
                0x000001ee                Reserved36_IRQHandler
                0x000001f6                Reserved37_IRQHandler
                0x000001fe                Reserved38_IRQHandler
                0x00000206                Reserved39_IRQHandler
                0x0000020e                Reserved40_IRQHandler
                0x00000216                Reserved41_IRQHandler
                0x0000021e                Reserved42_IRQHandler
                0x00000226                MCG_IRQHandler
                0x0000022e                LPTMR0_IRQHandler
                0x00000236                Reserved45_IRQHandler
                0x0000023e                PORTA_IRQHandler
                0x00000246                PORTB_IRQHandler
                0x00000400                . = 0x400
 *fill*         0x0000024e      0x1b2 ff
                0x00000400                PROVIDE (__FLASH_CONFIG_START__ = .)
 *(SORT_BY_ALIGNMENT(.FlashConfig))
 .FlashConfig   0x00000400       0x10 ./startup/startup_mkl02z4.o
                0x00000400                Flash_Config
                0x00000410                PROVIDE (__FLASH_CONFIG_END__ = .)
                0x00000001                ASSERT (! ((__FLASH_CONFIG_START__ == __FLASH_CONFIG_END__)), Linker Flash Config Support Enabled, but no .FlashConfig section provided within application)
 *(SORT_BY_ALIGNMENT(.text*))
 .text.DbgConsole_Init
                0x00000410       0x40 ./utilities/fsl_debug_console.o
                0x00000410                DbgConsole_Init
 .text.IO_Init  0x00000450       0x80 ./utilities/fsl_io.o
                0x00000450                IO_Init
 .text.IO_Transfer
                0x000004d0       0x5c ./utilities/fsl_io.o
                0x000004d0                IO_Transfer
 .text.LOG_Push
                0x0000052c       0x34 ./utilities/fsl_log.o
                0x0000052c                LOG_Push
 .text.main     0x00000560       0x34 ./source/Proyecto_cuarto_maduracion_de_frutas.o
                0x00000560                main
 .text.HardFault_Handler
                0x00000594       0x30 ./source/semihost_hardfault.o
                0x00000594                HardFault_Handler
 .text.CLOCK_GetMcgExtClkFreq
                0x000005c4       0x28 ./drivers/fsl_clock.o
 .text.CLOCK_GetFllExtRefClkFreq
                0x000005ec       0xa8 ./drivers/fsl_clock.o
 .text.CLOCK_GetFllRefClkFreq
                0x00000694       0x2c ./drivers/fsl_clock.o
 .text.CLOCK_GetOscRangeFromFreq
                0x000006c0       0x4c ./drivers/fsl_clock.o
 .text.CLOCK_SetSimConfig
                0x0000070c       0x24 ./drivers/fsl_clock.o
                0x0000070c                CLOCK_SetSimConfig
 .text.CLOCK_GetFllFreq
                0x00000730       0x78 ./drivers/fsl_clock.o
                0x00000730                CLOCK_GetFllFreq
 .text.CLOCK_SetInternalRefClkConfig
                0x000007a8      0x124 ./drivers/fsl_clock.o
                0x000007a8                CLOCK_SetInternalRefClkConfig
 .text.CLOCK_InitOsc0
                0x000008cc       0x94 ./drivers/fsl_clock.o
                0x000008cc                CLOCK_InitOsc0
 .text.CLOCK_SetFeeMode
                0x00000960      0x12c ./drivers/fsl_clock.o
                0x00000960                CLOCK_SetFeeMode
 .text.CLOCK_EnableClock
                0x00000a8c       0x34 ./drivers/fsl_lpsci.o
 .text.LPSCI_GetInstance
                0x00000ac0       0x48 ./drivers/fsl_lpsci.o
                0x00000ac0                LPSCI_GetInstance
 .text.LPSCI_Init
                0x00000b08      0x270 ./drivers/fsl_lpsci.o
                0x00000b08                LPSCI_Init
 .text.LPSCI_GetDefaultConfig
                0x00000d78       0x48 ./drivers/fsl_lpsci.o
                0x00000d78                LPSCI_GetDefaultConfig
 .text.LPSCI_ClearStatusFlags
                0x00000dc0       0x94 ./drivers/fsl_lpsci.o
                0x00000dc0                LPSCI_ClearStatusFlags
 .text.LPSCI_WriteBlocking
                0x00000e54       0x4c ./drivers/fsl_lpsci.o
                0x00000e54                LPSCI_WriteBlocking
 .text.LPSCI_ReadBlocking
                0x00000ea0       0xc0 ./drivers/fsl_lpsci.o
                0x00000ea0                LPSCI_ReadBlocking
 .text.UART0_DriverIRQHandler
                0x00000f60       0x24 ./drivers/fsl_lpsci.o
                0x00000f60                UART0_DriverIRQHandler
 .text.CLOCK_SetLpsci0Clock
                0x00000f84       0x38 ./board/board.o
 .text.BOARD_InitDebugConsole
                0x00000fbc       0x30 ./board/board.o
                0x00000fbc                BOARD_InitDebugConsole
 .text.CLOCK_SetSimSafeDivs
                0x00000fec       0x1c ./board/clock_config.o
 .text.CLOCK_SetXtal0Freq
                0x00001008       0x1c ./board/clock_config.o
 .text.CLOCK_CONFIG_FllStableDelay
                0x00001024       0x28 ./board/clock_config.o
 .text.BOARD_BootClockRUN
                0x0000104c       0x60 ./board/clock_config.o
                0x0000104c                BOARD_BootClockRUN
 .text.CLOCK_EnableClock
                0x000010ac       0x34 ./board/pin_mux.o
 .text.PORT_SetPinMux
                0x000010e0       0x40 ./board/pin_mux.o
 .text.BOARD_InitPins
                0x00001120       0x4c ./board/pin_mux.o
                0x00001120                BOARD_InitPins
 .text.SystemInit
                0x0000116c       0x18 ./CMSIS/system_MKL02Z4.o
                0x0000116c                SystemInit
 .text.__assertion_failed
                0x00001184       0x4c c:/nxp/mcuxpressoide_11.2.1_4149/ide/plugins/com.nxp.mcuxpresso.tools.win32_11.2.0.202008311134/tools/bin/../lib/gcc/arm-none-eabi/9.2.1/../../../../arm-none-eabi/lib/thumb/v6-m/nofp\libcr_semihost_nf.a(_cr_assert.o)
                0x00001184                __assertion_failed
 .text.__sys_appexit
                0x000011d0        0xc c:/nxp/mcuxpressoide_11.2.1_4149/ide/plugins/com.nxp.mcuxpresso.tools.win32_11.2.0.202008311134/tools/bin/../lib/gcc/arm-none-eabi/9.2.1/../../../../arm-none-eabi/lib/thumb/v6-m/nofp\libcr_semihost_nf.a(__sys_appexit.o)
                0x000011d0                __sys_appexit
                0x000011d0                __exit
 .text._deferredlazyseek
                0x000011dc       0x40 c:/nxp/mcuxpressoide_11.2.1_4149/ide/plugins/com.nxp.mcuxpresso.tools.win32_11.2.0.202008311134/tools/bin/../lib/gcc/arm-none-eabi/9.2.1/../../../../arm-none-eabi/lib/thumb/v6-m/nofp\libcr_c.a(_deferredlazyseek.o)
                0x000011dc                _deferredlazyseek
 .text.__flsbuf
                0x0000121c      0x150 c:/nxp/mcuxpressoide_11.2.1_4149/ide/plugins/com.nxp.mcuxpresso.tools.win32_11.2.0.202008311134/tools/bin/../lib/gcc/arm-none-eabi/9.2.1/../../../../arm-none-eabi/lib/thumb/v6-m/nofp\libcr_c.a(_deferredlazyseek.o)
                0x0000121c                __flsbuf
 .text._fflush  0x0000136c       0x60 c:/nxp/mcuxpressoide_11.2.1_4149/ide/plugins/com.nxp.mcuxpresso.tools.win32_11.2.0.202008311134/tools/bin/../lib/gcc/arm-none-eabi/9.2.1/../../../../arm-none-eabi/lib/thumb/v6-m/nofp\libcr_c.a(_fflush.o)
                0x0000136c                _fflush
 .text._Cwritebuf
                0x000013cc       0x68 c:/nxp/mcuxpressoide_11.2.1_4149/ide/plugins/com.nxp.mcuxpresso.tools.win32_11.2.0.202008311134/tools/bin/../lib/gcc/arm-none-eabi/9.2.1/../../../../arm-none-eabi/lib/thumb/v6-m/nofp\libcr_c.a(_writebuf.o)
                0x000013cc                _Cwritebuf
 .text.malloc   0x00001434       0xd0 c:/nxp/mcuxpressoide_11.2.1_4149/ide/plugins/com.nxp.mcuxpresso.tools.win32_11.2.0.202008311134/tools/bin/../lib/gcc/arm-none-eabi/9.2.1/../../../../arm-none-eabi/lib/thumb/v6-m/nofp\libcr_c.a(alloc.o)
                0x00001434                malloc
 .text._Csys_alloc
                0x00001504       0x20 c:/nxp/mcuxpressoide_11.2.1_4149/ide/plugins/com.nxp.mcuxpresso.tools.win32_11.2.0.202008311134/tools/bin/../lib/gcc/arm-none-eabi/9.2.1/../../../../arm-none-eabi/lib/thumb/v6-m/nofp\libcr_c.a(alloc.o)
                0x00001504                _Csys_alloc
 .text.fseek    0x00001524       0xf4 c:/nxp/mcuxpressoide_11.2.1_4149/ide/plugins/com.nxp.mcuxpresso.tools.win32_11.2.0.202008311134/tools/bin/../lib/gcc/arm-none-eabi/9.2.1/../../../../arm-none-eabi/lib/thumb/v6-m/nofp\libcr_c.a(fseek.o)
                0x00001524                fseek
 .text.ftell    0x00001618       0x48 c:/nxp/mcuxpressoide_11.2.1_4149/ide/plugins/com.nxp.mcuxpresso.tools.win32_11.2.0.202008311134/tools/bin/../lib/gcc/arm-none-eabi/9.2.1/../../../../arm-none-eabi/lib/thumb/v6-m/nofp\libcr_c.a(ftell.o)
                0x00001618                ftell
 .text._initio  0x00001660       0x7c c:/nxp/mcuxpressoide_11.2.1_4149/ide/plugins/com.nxp.mcuxpresso.tools.win32_11.2.0.202008311134/tools/bin/../lib/gcc/arm-none-eabi/9.2.1/../../../../arm-none-eabi/lib/thumb/v6-m/nofp\libcr_c.a(initio.o)
                0x00001660                _initio
 .text.__vfprintf
                0x000016dc      0xd40 c:/nxp/mcuxpressoide_11.2.1_4149/ide/plugins/com.nxp.mcuxpresso.tools.win32_11.2.0.202008311134/tools/bin/../lib/gcc/arm-none-eabi/9.2.1/../../../../arm-none-eabi/lib/thumb/v6-m/nofp\libcr_c.a(printf.o)
                0x000016dc                __vfprintf
 .text._vsnprintf
                0x0000241c       0x70 c:/nxp/mcuxpressoide_11.2.1_4149/ide/plugins/com.nxp.mcuxpresso.tools.win32_11.2.0.202008311134/tools/bin/../lib/gcc/arm-none-eabi/9.2.1/../../../../arm-none-eabi/lib/thumb/v6-m/nofp\libcr_c.a(printf.o)
                0x0000241c                _vsnprintf
 .text._printf  0x0000248c       0x50 c:/nxp/mcuxpressoide_11.2.1_4149/ide/plugins/com.nxp.mcuxpresso.tools.win32_11.2.0.202008311134/tools/bin/../lib/gcc/arm-none-eabi/9.2.1/../../../../arm-none-eabi/lib/thumb/v6-m/nofp\libcr_c.a(printf.o)
                0x0000248c                _printf
 .text.setvbuf  0x000024dc       0x4c c:/nxp/mcuxpressoide_11.2.1_4149/ide/plugins/com.nxp.mcuxpresso.tools.win32_11.2.0.202008311134/tools/bin/../lib/gcc/arm-none-eabi/9.2.1/../../../../arm-none-eabi/lib/thumb/v6-m/nofp\libcr_c.a(setvbuf.o)
                0x000024dc                setvbuf
 .text.strlen   0x00002528       0x58 c:/nxp/mcuxpressoide_11.2.1_4149/ide/plugins/com.nxp.mcuxpresso.tools.win32_11.2.0.202008311134/tools/bin/../lib/gcc/arm-none-eabi/9.2.1/../../../../arm-none-eabi/lib/thumb/v6-m/nofp\libcr_c.a(strlen.o)
                0x00002528                strlen
 .text._sbrk    0x00002580       0x44 c:/nxp/mcuxpressoide_11.2.1_4149/ide/plugins/com.nxp.mcuxpresso.tools.win32_11.2.0.202008311134/tools/bin/../lib/gcc/arm-none-eabi/9.2.1/../../../../arm-none-eabi/lib/thumb/v6-m/nofp\libcr_c.a(_cr_sbrk.o)
                0x00002580                _sbrk
 .text._fdopen  0x000025c4       0x74 c:/nxp/mcuxpressoide_11.2.1_4149/ide/plugins/com.nxp.mcuxpresso.tools.win32_11.2.0.202008311134/tools/bin/../lib/gcc/arm-none-eabi/9.2.1/../../../../arm-none-eabi/lib/thumb/v6-m/nofp\libcr_c.a(_fdopen.o)
                0x000025c4                _fdopen
 .text.fclose   0x00002638       0x5c c:/nxp/mcuxpressoide_11.2.1_4149/ide/plugins/com.nxp.mcuxpresso.tools.win32_11.2.0.202008311134/tools/bin/../lib/gcc/arm-none-eabi/9.2.1/../../../../arm-none-eabi/lib/thumb/v6-m/nofp\libcr_c.a(fclose.o)
                0x00002638                fclose
 .text.fflush   0x00002694       0x44 c:/nxp/mcuxpressoide_11.2.1_4149/ide/plugins/com.nxp.mcuxpresso.tools.win32_11.2.0.202008311134/tools/bin/../lib/gcc/arm-none-eabi/9.2.1/../../../../arm-none-eabi/lib/thumb/v6-m/nofp\libcr_c.a(fflush.o)
                0x00002694                fflush
 .text.__check_heap_overflow
                0x000026d8       0x14 c:/nxp/mcuxpressoide_11.2.1_4149/ide/plugins/com.nxp.mcuxpresso.tools.win32_11.2.0.202008311134/tools/bin/../lib/gcc/arm-none-eabi/9.2.1/../../../../arm-none-eabi/lib/thumb/v6-m/nofp\libcr_c.a(_cr_check_heap.o)
                0x000026d8                __check_heap_overflow
 .text._do_fflush
                0x000026ec       0x48 c:/nxp/mcuxpressoide_11.2.1_4149/ide/plugins/com.nxp.mcuxpresso.tools.win32_11.2.0.202008311134/tools/bin/../lib/gcc/arm-none-eabi/9.2.1/../../../../arm-none-eabi/lib/thumb/v6-m/nofp\libcr_c.a(_do_fflush.o)
                0x000026ec                _do_fflush
 .text.__sys_write
                0x00002734       0x40 ./utilities/fsl_debug_console.o
                0x00002734                __sys_write
 .text.LPSCI_EnableTx
                0x00002774       0x40 ./utilities/fsl_io.o
 .text.LPSCI_EnableRx
                0x000027b4       0x40 ./utilities/fsl_io.o
 .text.LOG_Init
                0x000027f4       0x3a ./utilities/fsl_log.o
                0x000027f4                LOG_Init
 .text.LOG_Pop  0x0000282e       0x4a ./utilities/fsl_log.o
                0x0000282e                LOG_Pop
 .text.OSC_SetExtRefClkConfig
                0x00002878       0x3e ./drivers/fsl_clock.o
 .text.OSC_SetCapLoad
                0x000028b6       0x42 ./drivers/fsl_clock.o
 .text.CLOCK_SetExternalRefClkConfig
                0x000028f8       0x16 ./drivers/fsl_clock.o
                0x000028f8                CLOCK_SetExternalRefClkConfig
 .text.CLOCK_BootToFeeMode
                0x0000290e       0x4e ./drivers/fsl_clock.o
                0x0000290e                CLOCK_BootToFeeMode
 .text.LPSCI_GetStatusFlags
                0x0000295c       0x26 ./drivers/fsl_lpsci.o
                0x0000295c                LPSCI_GetStatusFlags
 .text.BOARD_InitBootClocks
                0x00002982        0xe ./board/clock_config.o
                0x00002982                BOARD_InitBootClocks
 .text.BOARD_InitBootPeripherals
                0x00002990        0xa ./board/peripherals.o
                0x00002990                BOARD_InitBootPeripherals
 .text.BOARD_InitBootPins
                0x0000299a        0xe ./board/pin_mux.o
                0x0000299a                BOARD_InitBootPins
 .text.__main   0x000029a8        0xc c:/nxp/mcuxpressoide_11.2.1_4149/ide/plugins/com.nxp.mcuxpresso.tools.win32_11.2.0.202008311134/tools/bin/../lib/gcc/arm-none-eabi/9.2.1/../../../../arm-none-eabi/lib/thumb/v6-m/nofp\libcr_semihost_nf.a(_cr__main.o)
                0x000029a8                __CR_SEMIHOST
                0x000029a8                __main
 .text.memset   0x000029b4        0x8 c:/nxp/mcuxpressoide_11.2.1_4149/ide/plugins/com.nxp.mcuxpresso.tools.win32_11.2.0.202008311134/tools/bin/../lib/gcc/arm-none-eabi/9.2.1/../../../../arm-none-eabi/lib/thumb/v6-m/nofp\libcr_c.a(memset.o)
                0x000029b4                memset
 .text.free     0x000029bc       0x2c c:/nxp/mcuxpressoide_11.2.1_4149/ide/plugins/com.nxp.mcuxpresso.tools.win32_11.2.0.202008311134/tools/bin/../lib/gcc/arm-none-eabi/9.2.1/../../../../arm-none-eabi/lib/thumb/v6-m/nofp\libcr_c.a(alloc.o)
                0x000029bc                free
 .text.fputs    0x000029e8       0x2e c:/nxp/mcuxpressoide_11.2.1_4149/ide/plugins/com.nxp.mcuxpresso.tools.win32_11.2.0.202008311134/tools/bin/../lib/gcc/arm-none-eabi/9.2.1/../../../../arm-none-eabi/lib/thumb/v6-m/nofp\libcr_c.a(fputs.o)
                0x000029e8                fputs
 .text.no_fp_display
                0x00002a16        0x4 c:/nxp/mcuxpressoide_11.2.1_4149/ide/plugins/com.nxp.mcuxpresso.tools.win32_11.2.0.202008311134/tools/bin/../lib/gcc/arm-none-eabi/9.2.1/../../../../arm-none-eabi/lib/thumb/v6-m/nofp\libcr_c.a(printf.o)
 .text.remove   0x00002a1a       0x12 c:/nxp/mcuxpressoide_11.2.1_4149/ide/plugins/com.nxp.mcuxpresso.tools.win32_11.2.0.202008311134/tools/bin/../lib/gcc/arm-none-eabi/9.2.1/../../../../arm-none-eabi/lib/thumb/v6-m/nofp\libcr_c.a(remove.o)
                0x00002a1a                remove
 .text.__aeabi_division_idivmod
                0x00002a2c       0x78 c:/nxp/mcuxpressoide_11.2.1_4149/ide/plugins/com.nxp.mcuxpresso.tools.win32_11.2.0.202008311134/tools/bin/../lib/gcc/arm-none-eabi/9.2.1/thumb/v6-m/nofp\libcr_eabihelpers.a(division_32.o)
                0x00002a2c                __aeabi_idivmod
                0x00002a2c                __aeabi_idiv
                0x00002a32                __aeabi_uidivmod
                0x00002a32                __aeabi_uidiv
 .text.__aeabi_division_idiv0
                0x00002aa4        0x2 c:/nxp/mcuxpressoide_11.2.1_4149/ide/plugins/com.nxp.mcuxpresso.tools.win32_11.2.0.202008311134/tools/bin/../lib/gcc/arm-none-eabi/9.2.1/thumb/v6-m/nofp\libcr_eabihelpers.a(division_idiv0.o)
                0x00002aa4                __aeabi_idiv0
 .text.__aeabi_llong_lmul
                0x00002aa6       0x2e c:/nxp/mcuxpressoide_11.2.1_4149/ide/plugins/com.nxp.mcuxpresso.tools.win32_11.2.0.202008311134/tools/bin/../lib/gcc/arm-none-eabi/9.2.1/thumb/v6-m/nofp\libcr_eabihelpers.a(llong.o)
                0x00002aa6                __aeabi_lmul
 .text.__aeabi_memset_lowlevel
                0x00002ad4       0x2a c:/nxp/mcuxpressoide_11.2.1_4149/ide/plugins/com.nxp.mcuxpresso.tools.win32_11.2.0.202008311134/tools/bin/../lib/gcc/arm-none-eabi/9.2.1/thumb/v6-m/nofp\libcr_eabihelpers.a(memcpy.o)
                0x00002ad4                __aeabi_lowlevel_memset
 .text.__gnu_thumb1_case_shi
                0x00002afe       0x10 c:/nxp/mcuxpressoide_11.2.1_4149/ide/plugins/com.nxp.mcuxpresso.tools.win32_11.2.0.202008311134/tools/bin/../lib/gcc/arm-none-eabi/9.2.1/thumb/v6-m/nofp\libcr_eabihelpers.a(thumb1_switch_helpers.o)
                0x00002afe                __gnu_thumb1_case_shi
 .text.__sys_close
                0x00002b0e        0xc c:/nxp/mcuxpressoide_11.2.1_4149/ide/plugins/com.nxp.mcuxpresso.tools.win32_11.2.0.202008311134/tools/bin/../lib/gcc/arm-none-eabi/9.2.1/../../../../arm-none-eabi/lib/thumb/v6-m/nofp\libcr_semihost_nf.a(__sys_close.o)
                0x00002b0e                __sys_close
 .text.__sys_flen
                0x00002b1a        0xc c:/nxp/mcuxpressoide_11.2.1_4149/ide/plugins/com.nxp.mcuxpresso.tools.win32_11.2.0.202008311134/tools/bin/../lib/gcc/arm-none-eabi/9.2.1/../../../../arm-none-eabi/lib/thumb/v6-m/nofp\libcr_semihost_nf.a(__sys_flen.o)
                0x00002b1a                __sys_flen
 .text.__sys_istty
                0x00002b26        0xc c:/nxp/mcuxpressoide_11.2.1_4149/ide/plugins/com.nxp.mcuxpresso.tools.win32_11.2.0.202008311134/tools/bin/../lib/gcc/arm-none-eabi/9.2.1/../../../../arm-none-eabi/lib/thumb/v6-m/nofp\libcr_semihost_nf.a(__sys_istty.o)
                0x00002b26                __sys_istty
 .text.__sys_remove
                0x00002b32        0xc c:/nxp/mcuxpressoide_11.2.1_4149/ide/plugins/com.nxp.mcuxpresso.tools.win32_11.2.0.202008311134/tools/bin/../lib/gcc/arm-none-eabi/9.2.1/../../../../arm-none-eabi/lib/thumb/v6-m/nofp\libcr_semihost_nf.a(__sys_remove.o)
                0x00002b32                __sys_remove
 .text.__sys_seek
                0x00002b3e        0xc c:/nxp/mcuxpressoide_11.2.1_4149/ide/plugins/com.nxp.mcuxpresso.tools.win32_11.2.0.202008311134/tools/bin/../lib/gcc/arm-none-eabi/9.2.1/../../../../arm-none-eabi/lib/thumb/v6-m/nofp\libcr_semihost_nf.a(__sys_seek.o)
                0x00002b3e                __sys_seek
 .text.__sys_tmpnam
                0x00002b4a        0xc c:/nxp/mcuxpressoide_11.2.1_4149/ide/plugins/com.nxp.mcuxpresso.tools.win32_11.2.0.202008311134/tools/bin/../lib/gcc/arm-none-eabi/9.2.1/../../../../arm-none-eabi/lib/thumb/v6-m/nofp\libcr_semihost_nf.a(__sys_tmpnam.o)
                0x00002b4a                __sys_tmpnam
 *(SORT_BY_ALIGNMENT(.rodata) SORT_BY_ALIGNMENT(.rodata.*) SORT_BY_ALIGNMENT(.constdata) SORT_BY_ALIGNMENT(.constdata.*))
 *fill*         0x00002b56        0x2 ff
 .rodata.DbgConsole_Init.str1.4
                0x00002b58       0x44 ./utilities/fsl_debug_console.o
 .rodata.IO_Init.str1.4
                0x00002b9c       0x1b ./utilities/fsl_io.o
 *fill*         0x00002bb7        0x1 ff
 .rodata.LOG_Push.str1.4
                0x00002bb8       0x1d ./utilities/fsl_log.o
 *fill*         0x00002bd5        0x3 ff
 .rodata.main.str1.4
                0x00002bd8        0xd ./source/Proyecto_cuarto_maduracion_de_frutas.o
 *fill*         0x00002be5        0x3 ff
 .rodata.CLOCK_GetMcgExtClkFreq.str1.4
                0x00002be8       0x1f ./drivers/fsl_clock.o
 *fill*         0x00002c07        0x1 ff
 .rodata.fllFactorTable.4908
                0x00002c08       0x10 ./drivers/fsl_clock.o
 .rodata.LPSCI_GetInstance.str1.4
                0x00002c18       0x37 ./drivers/fsl_lpsci.o
 *fill*         0x00002c4f        0x1 ff
 .rodata.LPSCI_Init.str1.4
                0x00002c50       0x44 ./drivers/fsl_lpsci.o
 .rodata.LPSCI_GetDefaultConfig.str1.4
                0x00002c94       0x1a ./drivers/fsl_lpsci.o
 *fill*         0x00002cae        0x2 ff
 .rodata.LPSCI_WriteBlocking.str1.4
                0x00002cb0       0x18 ./drivers/fsl_lpsci.o
 .rodata.LPSCI_ReadBlocking.str1.4
                0x00002cc8       0x18 ./drivers/fsl_lpsci.o
 .rodata.simConfig_BOARD_BootClockRUN
                0x00002ce0        0x4 ./board/clock_config.o
                0x00002ce0                simConfig_BOARD_BootClockRUN
 .rodata.oscConfig_BOARD_BootClockRUN
                0x00002ce4        0x8 ./board/clock_config.o
                0x00002ce4                oscConfig_BOARD_BootClockRUN
 .rodata.__num_Ciob_streams
                0x00002cec        0x4 c:/nxp/mcuxpressoide_11.2.1_4149/ide/plugins/com.nxp.mcuxpresso.tools.win32_11.2.0.202008311134/tools/bin/../lib/gcc/arm-none-eabi/9.2.1/../../../../arm-none-eabi/lib/thumb/v6-m/nofp\libcr_semihost_nf.a(__ciob.o)
                0x00002cec                __num_Ciob_streams
 .rodata.__assertion_failed.str1.1
                0x00002cf0       0x15 c:/nxp/mcuxpressoide_11.2.1_4149/ide/plugins/com.nxp.mcuxpresso.tools.win32_11.2.0.202008311134/tools/bin/../lib/gcc/arm-none-eabi/9.2.1/../../../../arm-none-eabi/lib/thumb/v6-m/nofp\libcr_semihost_nf.a(_cr_assert.o)
 .rodata._Csys_alloc.str1.1
                0x00002d05       0x18 c:/nxp/mcuxpressoide_11.2.1_4149/ide/plugins/com.nxp.mcuxpresso.tools.win32_11.2.0.202008311134/tools/bin/../lib/gcc/arm-none-eabi/9.2.1/../../../../arm-none-eabi/lib/thumb/v6-m/nofp\libcr_c.a(alloc.o)
 .rodata._initio.str1.1
                0x00002d1d        0x4 c:/nxp/mcuxpressoide_11.2.1_4149/ide/plugins/com.nxp.mcuxpresso.tools.win32_11.2.0.202008311134/tools/bin/../lib/gcc/arm-none-eabi/9.2.1/../../../../arm-none-eabi/lib/thumb/v6-m/nofp\libcr_c.a(initio.o)
 .rodata.__vfprintf.str1.1
                0x00002d21       0x35 c:/nxp/mcuxpressoide_11.2.1_4149/ide/plugins/com.nxp.mcuxpresso.tools.win32_11.2.0.202008311134/tools/bin/../lib/gcc/arm-none-eabi/9.2.1/../../../../arm-none-eabi/lib/thumb/v6-m/nofp\libcr_c.a(printf.o)
                                 0x38 (size before relaxing)
                0x00002d58                . = ALIGN (0x4)
 *fill*         0x00002d56        0x2 ff

.glue_7         0x00002d58        0x0
 .glue_7        0x00002d58        0x0 linker stubs

.glue_7t        0x00002d58        0x0
 .glue_7t       0x00002d58        0x0 linker stubs

.vfp11_veneer   0x00002d58        0x0
 .vfp11_veneer  0x00002d58        0x0 linker stubs

.v4_bx          0x00002d58        0x0
 .v4_bx         0x00002d58        0x0 linker stubs

.iplt           0x00002d58        0x0
 .iplt          0x00002d58        0x0 ./utilities/fsl_debug_console.o

.rel.dyn        0x00002d58        0x0
 .rel.iplt      0x00002d58        0x0 ./utilities/fsl_debug_console.o

.ARM.extab
 *(SORT_BY_ALIGNMENT(.ARM.extab*) SORT_BY_ALIGNMENT(.gnu.linkonce.armextab.*))

.ARM.exidx      0x00002d58        0x0
                0x00002d58                __exidx_start = .
 *(SORT_BY_ALIGNMENT(.ARM.exidx*) SORT_BY_ALIGNMENT(.gnu.linkonce.armexidx.*))
                0x00002d58                __exidx_end = .
                0x00002d58                _etext = .

.mtb_buffer_default
                0x1ffffc00       0x80
 *(SORT_BY_ALIGNMENT(.mtb*))
 .mtb.$RAM1     0x1ffffc00       0x80 ./source/mtb.o
                0x1ffffc00                __mtb_buffer__

.uninit_RESERVED
                0x1ffffc80        0x0
                0x1ffffc80                _start_uninit_RESERVED = .
 *(SORT_BY_ALIGNMENT(.bss.$RESERVED*))
                0x1ffffc80                . = ALIGN (0x4)
                0x1ffffc80                _end_uninit_RESERVED = .

.data           0x1ffffc80        0x8 load address 0x00002d58
 FILL mask 0xff
                0x1ffffc80                _data = .
                [!provide]                PROVIDE (__start_data_RAM = .)
                [!provide]                PROVIDE (__start_data_SRAM = .)
 *(SORT_BY_ALIGNMENT(vtable))
 *(SORT_BY_ALIGNMENT(.ramfunc*))
 *(SORT_BY_ALIGNMENT(CodeQuickAccess))
 *(SORT_BY_ALIGNMENT(DataQuickAccess))
 *(SORT_BY_ALIGNMENT(RamFunction))
 *(SORT_BY_ALIGNMENT(.data*))
 .data.s_slowIrcFreq
                0x1ffffc80        0x4 ./drivers/fsl_clock.o
 .data.SystemCoreClock
                0x1ffffc84        0x4 ./CMSIS/system_MKL02Z4.o
                0x1ffffc84                SystemCoreClock
                0x1ffffc88                . = ALIGN (0x4)
                0x1ffffc88                _edata = .
                [!provide]                PROVIDE (__end_data_RAM = .)
                [!provide]                PROVIDE (__end_data_SRAM = .)

.igot.plt       0x1ffffc88        0x0 load address 0x00002d60
 .igot.plt      0x1ffffc88        0x0 ./utilities/fsl_debug_console.o

.bss            0x1ffffc88       0xd8
                0x1ffffc88                _bss = .
                [!provide]                PROVIDE (__start_bss_RAM = .)
                [!provide]                PROVIDE (__start_bss_SRAM = .)
 *(SORT_BY_ALIGNMENT(.bss*))
 .bss.s_debugConsoleIO
                0x1ffffc88        0x8 ./utilities/fsl_io.o
 .bss.i.5137    0x1ffffc90        0x4 ./source/Proyecto_cuarto_maduracion_de_frutas.o
 .bss.g_xtal0Freq
                0x1ffffc94        0x4 ./drivers/fsl_clock.o
                0x1ffffc94                g_xtal0Freq
 .bss.s_lpsciHandle
                0x1ffffc98        0x4 ./drivers/fsl_lpsci.o
 .bss.s_lpsciIsr
                0x1ffffc9c        0x4 ./drivers/fsl_lpsci.o
 .bss.__Ciob    0x1ffffca0       0xb4 c:/nxp/mcuxpressoide_11.2.1_4149/ide/plugins/com.nxp.mcuxpresso.tools.win32_11.2.0.202008311134/tools/bin/../lib/gcc/arm-none-eabi/9.2.1/../../../../arm-none-eabi/lib/thumb/v6-m/nofp\libcr_semihost_nf.a(__ciob.o)
                0x1ffffca0                __Ciob
 .bss.__end_of_heap
                0x1ffffd54        0x4 c:/nxp/mcuxpressoide_11.2.1_4149/ide/plugins/com.nxp.mcuxpresso.tools.win32_11.2.0.202008311134/tools/bin/../lib/gcc/arm-none-eabi/9.2.1/../../../../arm-none-eabi/lib/thumb/v6-m/nofp\libcr_c.a(__init_alloc.o)
                0x1ffffd54                __end_of_heap
 .bss.__heaps   0x1ffffd58        0x4 c:/nxp/mcuxpressoide_11.2.1_4149/ide/plugins/com.nxp.mcuxpresso.tools.win32_11.2.0.202008311134/tools/bin/../lib/gcc/arm-none-eabi/9.2.1/../../../../arm-none-eabi/lib/thumb/v6-m/nofp\libcr_c.a(__init_alloc.o)
                0x1ffffd58                __heaps
 .bss.errno     0x1ffffd5c        0x4 c:/nxp/mcuxpressoide_11.2.1_4149/ide/plugins/com.nxp.mcuxpresso.tools.win32_11.2.0.202008311134/tools/bin/../lib/gcc/arm-none-eabi/9.2.1/../../../../arm-none-eabi/lib/thumb/v6-m/nofp\libcr_c.a(errno.o)
                0x1ffffd5c                errno
 *(SORT_BY_ALIGNMENT(COMMON))
                0x1ffffd60                . = ALIGN (0x4)
                0x1ffffd60                _ebss = .
                [!provide]                PROVIDE (__end_bss_RAM = .)
                [!provide]                PROVIDE (__end_bss_SRAM = .)
                [!provide]                PROVIDE (end = .)

.noinit         0x1ffffd60        0x0
                0x1ffffd60                _noinit = .
                [!provide]                PROVIDE (__start_noinit_RAM = .)
                [!provide]                PROVIDE (__start_noinit_SRAM = .)
 *(SORT_BY_ALIGNMENT(.noinit*))
                0x1ffffd60                . = ALIGN (0x4)
                0x1ffffd60                _end_noinit = .
                [!provide]                PROVIDE (__end_noinit_RAM = .)
                [!provide]                PROVIDE (__end_noinit_SRAM = .)
                0x00000100                _HeapSize = 0x100

.heap           0x1ffffd60      0x100
                0x1ffffd60                _pvHeapStart = .
                0x1ffffe60                . = (. + _HeapSize)
 *fill*         0x1ffffd60      0x100 
                0x1ffffe60                . = ALIGN (0x4)
                0x1ffffe60                _pvHeapLimit = .
                0x00000100                _StackSize = 0x100

.heap2stackfill
                0x1ffffe60      0x100
                0x1fffff60                . = (. + _StackSize)
 *fill*         0x1ffffe60      0x100 

.stack          0x20000b00        0x0
                0x20000b00                _vStackBase = .
                0x20000b00                . = ALIGN (0x4)
                0x20000c00                _vStackTop = (. + _StackSize)
                0x00000000                _image_start = LOADADDR (.text)
                0x00002d60                _image_end = (LOADADDR (.data) + SIZEOF (.data))
                0x00002d60                _image_size = (_image_end - _image_start)
OUTPUT(Proyecto_cuarto_maduracion_de_frutas.axf elf32-littlearm)

.debug_info     0x00000000     0x5a98
 .debug_info    0x00000000      0x34c ./utilities/fsl_debug_console.o
 .debug_info    0x0000034c      0x6ae ./utilities/fsl_io.o
 .debug_info    0x000009fa      0x351 ./utilities/fsl_log.o
 .debug_info    0x00000d4b      0x4df ./startup/startup_mkl02z4.o
 .debug_info    0x0000122a      0x4af ./source/Proyecto_cuarto_maduracion_de_frutas.o
 .debug_info    0x000016d9       0x53 ./source/mtb.o
 .debug_info    0x0000172c       0x3c ./source/semihost_hardfault.o
 .debug_info    0x00001768     0x14a1 ./drivers/fsl_clock.o
 .debug_info    0x00002c09     0x1471 ./drivers/fsl_lpsci.o
 .debug_info    0x0000407a      0x773 ./board/board.o
 .debug_info    0x000047ed      0x97e ./board/clock_config.o
 .debug_info    0x0000516b       0x3c ./board/peripherals.o
 .debug_info    0x000051a7      0x508 ./board/pin_mux.o
 .debug_info    0x000056af      0x3e9 ./CMSIS/system_MKL02Z4.o

.debug_abbrev   0x00000000     0x1569
 .debug_abbrev  0x00000000      0x152 ./utilities/fsl_debug_console.o
 .debug_abbrev  0x00000152      0x1fd ./utilities/fsl_io.o
 .debug_abbrev  0x0000034f      0x197 ./utilities/fsl_log.o
 .debug_abbrev  0x000004e6      0x18d ./startup/startup_mkl02z4.o
 .debug_abbrev  0x00000673      0x146 ./source/Proyecto_cuarto_maduracion_de_frutas.o
 .debug_abbrev  0x000007b9       0x46 ./source/mtb.o
 .debug_abbrev  0x000007ff       0x31 ./source/semihost_hardfault.o
 .debug_abbrev  0x00000830      0x344 ./drivers/fsl_clock.o
 .debug_abbrev  0x00000b74      0x310 ./drivers/fsl_lpsci.o
 .debug_abbrev  0x00000e84      0x1a7 ./board/board.o
 .debug_abbrev  0x0000102b      0x211 ./board/clock_config.o
 .debug_abbrev  0x0000123c       0x31 ./board/peripherals.o
 .debug_abbrev  0x0000126d      0x1a6 ./board/pin_mux.o
 .debug_abbrev  0x00001413      0x156 ./CMSIS/system_MKL02Z4.o

.debug_aranges  0x00000000      0x618
 .debug_aranges
                0x00000000       0x40 ./utilities/fsl_debug_console.o
 .debug_aranges
                0x00000040       0x48 ./utilities/fsl_io.o
 .debug_aranges
                0x00000088       0x58 ./utilities/fsl_log.o
 .debug_aranges
                0x000000e0      0x160 ./startup/startup_mkl02z4.o
 .debug_aranges
                0x00000240       0x20 ./source/Proyecto_cuarto_maduracion_de_frutas.o
 .debug_aranges
                0x00000260       0x18 ./source/mtb.o
 .debug_aranges
                0x00000278       0x20 ./source/semihost_hardfault.o
 .debug_aranges
                0x00000298      0x168 ./drivers/fsl_clock.o
 .debug_aranges
                0x00000400      0x118 ./drivers/fsl_lpsci.o
 .debug_aranges
                0x00000518       0x28 ./board/board.o
 .debug_aranges
                0x00000540       0x58 ./board/clock_config.o
 .debug_aranges
                0x00000598       0x20 ./board/peripherals.o
 .debug_aranges
                0x000005b8       0x38 ./board/pin_mux.o
 .debug_aranges
                0x000005f0       0x28 ./CMSIS/system_MKL02Z4.o

.debug_ranges   0x00000000      0x530
 .debug_ranges  0x00000000       0x30 ./utilities/fsl_debug_console.o
 .debug_ranges  0x00000030       0x38 ./utilities/fsl_io.o
 .debug_ranges  0x00000068       0x48 ./utilities/fsl_log.o
 .debug_ranges  0x000000b0      0x150 ./startup/startup_mkl02z4.o
 .debug_ranges  0x00000200       0x10 ./source/Proyecto_cuarto_maduracion_de_frutas.o
 .debug_ranges  0x00000210       0x10 ./source/semihost_hardfault.o
 .debug_ranges  0x00000220      0x158 ./drivers/fsl_clock.o
 .debug_ranges  0x00000378      0x108 ./drivers/fsl_lpsci.o
 .debug_ranges  0x00000480       0x18 ./board/board.o
 .debug_ranges  0x00000498       0x48 ./board/clock_config.o
 .debug_ranges  0x000004e0       0x10 ./board/peripherals.o
 .debug_ranges  0x000004f0       0x28 ./board/pin_mux.o
 .debug_ranges  0x00000518       0x18 ./CMSIS/system_MKL02Z4.o

.debug_macro    0x00000000     0x61e1
 .debug_macro   0x00000000      0x139 ./utilities/fsl_debug_console.o
 .debug_macro   0x00000139      0xaba ./utilities/fsl_debug_console.o
 .debug_macro   0x00000bf3       0x10 ./utilities/fsl_debug_console.o
 .debug_macro   0x00000c03       0x16 ./utilities/fsl_debug_console.o
 .debug_macro   0x00000c19       0x10 ./utilities/fsl_debug_console.o
 .debug_macro   0x00000c29      0x12e ./utilities/fsl_debug_console.o
 .debug_macro   0x00000d57       0x28 ./utilities/fsl_debug_console.o
 .debug_macro   0x00000d7f       0x16 ./utilities/fsl_debug_console.o
 .debug_macro   0x00000d95       0x22 ./utilities/fsl_debug_console.o
 .debug_macro   0x00000db7      0x5b3 ./utilities/fsl_debug_console.o
 .debug_macro   0x0000136a       0x10 ./utilities/fsl_debug_console.o
 .debug_macro   0x0000137a       0x3f ./utilities/fsl_debug_console.o
 .debug_macro   0x000013b9       0x1c ./utilities/fsl_debug_console.o
 .debug_macro   0x000013d5       0x22 ./utilities/fsl_debug_console.o
 .debug_macro   0x000013f7       0xaf ./utilities/fsl_debug_console.o
 .debug_macro   0x000014a6      0x37c ./utilities/fsl_debug_console.o
 .debug_macro   0x00001822       0x2e ./utilities/fsl_debug_console.o
 .debug_macro   0x00001850     0x2b4d ./utilities/fsl_debug_console.o
 .debug_macro   0x0000439d      0xe9f ./utilities/fsl_debug_console.o
 .debug_macro   0x0000523c       0x46 ./utilities/fsl_debug_console.o
 .debug_macro   0x00005282       0xaf ./utilities/fsl_debug_console.o
 .debug_macro   0x00005331       0x5f ./utilities/fsl_debug_console.o
 .debug_macro   0x00005390       0xd2 ./utilities/fsl_debug_console.o
 .debug_macro   0x00005462       0x1c ./utilities/fsl_debug_console.o
 .debug_macro   0x0000547e       0x43 ./utilities/fsl_debug_console.o
 .debug_macro   0x000054c1      0x101 ./utilities/fsl_io.o
 .debug_macro   0x000055c2       0x1c ./utilities/fsl_io.o
 .debug_macro   0x000055de       0x10 ./utilities/fsl_io.o
 .debug_macro   0x000055ee      0x134 ./utilities/fsl_log.o
 .debug_macro   0x00005722       0x29 ./startup/startup_mkl02z4.o
 .debug_macro   0x0000574b      0x13d ./source/Proyecto_cuarto_maduracion_de_frutas.o
 .debug_macro   0x00005888       0xd8 ./source/Proyecto_cuarto_maduracion_de_frutas.o
 .debug_macro   0x00005960       0x16 ./source/Proyecto_cuarto_maduracion_de_frutas.o
 .debug_macro   0x00005976       0x10 ./source/Proyecto_cuarto_maduracion_de_frutas.o
 .debug_macro   0x00005986       0xca ./source/Proyecto_cuarto_maduracion_de_frutas.o
 .debug_macro   0x00005a50       0x16 ./source/Proyecto_cuarto_maduracion_de_frutas.o
 .debug_macro   0x00005a66       0x22 ./source/Proyecto_cuarto_maduracion_de_frutas.o
 .debug_macro   0x00005a88       0x2f ./source/mtb.o
 .debug_macro   0x00005ab7       0x82 ./source/mtb.o
 .debug_macro   0x00005b39       0x10 ./source/mtb.o
 .debug_macro   0x00005b49       0x11 ./source/semihost_hardfault.o
 .debug_macro   0x00005b5a      0x193 ./drivers/fsl_clock.o
 .debug_macro   0x00005ced       0xef ./drivers/fsl_lpsci.o
 .debug_macro   0x00005ddc      0x128 ./board/board.o
 .debug_macro   0x00005f04       0x1c ./board/board.o
 .debug_macro   0x00005f20      0x10e ./board/clock_config.o
 .debug_macro   0x0000602e       0x1b ./board/peripherals.o
 .debug_macro   0x00006049       0xf1 ./board/pin_mux.o
 .debug_macro   0x0000613a       0x10 ./board/pin_mux.o
 .debug_macro   0x0000614a       0x97 ./CMSIS/system_MKL02Z4.o

.debug_line     0x00000000     0x3f7d
 .debug_line    0x00000000      0x412 ./utilities/fsl_debug_console.o
 .debug_line    0x00000412      0x48a ./utilities/fsl_io.o
 .debug_line    0x0000089c      0x4ac ./utilities/fsl_log.o
 .debug_line    0x00000d48      0x1e7 ./startup/startup_mkl02z4.o
 .debug_line    0x00000f2f      0x464 ./source/Proyecto_cuarto_maduracion_de_frutas.o
 .debug_line    0x00001393       0xd1 ./source/mtb.o
 .debug_line    0x00001464       0x59 ./source/semihost_hardfault.o
 .debug_line    0x000014bd      0xdf3 ./drivers/fsl_clock.o
 .debug_line    0x000022b0      0xdc3 ./drivers/fsl_lpsci.o
 .debug_line    0x00003073      0x3e5 ./board/board.o
 .debug_line    0x00003458      0x415 ./board/clock_config.o
 .debug_line    0x0000386d       0x5a ./board/peripherals.o
 .debug_line    0x000038c7      0x3a3 ./board/pin_mux.o
 .debug_line    0x00003c6a      0x313 ./CMSIS/system_MKL02Z4.o

.debug_str      0x00000000    0x23246
 .debug_str     0x00000000    0x1f087 ./utilities/fsl_debug_console.o
                              0x1f29a (size before relaxing)
 .debug_str     0x0001f087      0x8de ./utilities/fsl_io.o
                              0x1f64d (size before relaxing)
 .debug_str     0x0001f965      0x1d8 ./utilities/fsl_log.o
                              0x1ef7e (size before relaxing)
 .debug_str     0x0001fb3d      0x455 ./startup/startup_mkl02z4.o
                               0x3282 (size before relaxing)
 .debug_str     0x0001ff92      0xb8a ./source/Proyecto_cuarto_maduracion_de_frutas.o
                              0x1fa8a (size before relaxing)
 .debug_str     0x00020b1c      0x532 ./source/mtb.o
                               0x333b (size before relaxing)
 .debug_str     0x0002104e       0x1f ./source/semihost_hardfault.o
                               0x2e28 (size before relaxing)
 .debug_str     0x0002106d     0x1151 ./drivers/fsl_clock.o
                              0x2052b (size before relaxing)
 .debug_str     0x000221be      0xbab ./drivers/fsl_lpsci.o
                              0x20035 (size before relaxing)
 .debug_str     0x00022d69       0x4c ./board/board.o
                              0x1fb1b (size before relaxing)
 .debug_str     0x00022db5      0x26b ./board/clock_config.o
                              0x1f7dc (size before relaxing)
 .debug_str     0x00023020       0x31 ./board/peripherals.o
                               0x2e39 (size before relaxing)
 .debug_str     0x00023051      0x1a6 ./board/pin_mux.o
                              0x1eef1 (size before relaxing)
 .debug_str     0x000231f7       0x4f ./CMSIS/system_MKL02Z4.o
                              0x1e1f0 (size before relaxing)

.comment        0x00000000       0x79
 .comment       0x00000000       0x79 ./utilities/fsl_debug_console.o
                                 0x7a (size before relaxing)
 .comment       0x00000079       0x7a ./utilities/fsl_io.o
 .comment       0x00000079       0x7a ./utilities/fsl_log.o
 .comment       0x00000079       0x7a ./startup/startup_mkl02z4.o
 .comment       0x00000079       0x7a ./source/Proyecto_cuarto_maduracion_de_frutas.o
 .comment       0x00000079       0x7a ./source/mtb.o
 .comment       0x00000079       0x7a ./source/semihost_hardfault.o
 .comment       0x00000079       0x7a ./drivers/fsl_clock.o
 .comment       0x00000079       0x7a ./drivers/fsl_lpsci.o
 .comment       0x00000079       0x7a ./board/board.o
 .comment       0x00000079       0x7a ./board/clock_config.o
 .comment       0x00000079       0x7a ./board/peripherals.o
 .comment       0x00000079       0x7a ./board/pin_mux.o
 .comment       0x00000079       0x7a ./CMSIS/system_MKL02Z4.o
 .comment       0x00000079       0x7a c:/nxp/mcuxpressoide_11.2.1_4149/ide/plugins/com.nxp.mcuxpresso.tools.win32_11.2.0.202008311134/tools/bin/../lib/gcc/arm-none-eabi/9.2.1/../../../../arm-none-eabi/lib/thumb/v6-m/nofp\libcr_semihost_nf.a(_cr__main.o)
 .comment       0x00000079       0x7a c:/nxp/mcuxpressoide_11.2.1_4149/ide/plugins/com.nxp.mcuxpresso.tools.win32_11.2.0.202008311134/tools/bin/../lib/gcc/arm-none-eabi/9.2.1/../../../../arm-none-eabi/lib/thumb/v6-m/nofp\libcr_semihost_nf.a(_cr_assert.o)
 .comment       0x00000079       0x7a c:/nxp/mcuxpressoide_11.2.1_4149/ide/plugins/com.nxp.mcuxpresso.tools.win32_11.2.0.202008311134/tools/bin/../lib/gcc/arm-none-eabi/9.2.1/../../../../arm-none-eabi/lib/thumb/v6-m/nofp\libcr_semihost_nf.a(__ciob.o)
 .comment       0x00000079       0x7a c:/nxp/mcuxpressoide_11.2.1_4149/ide/plugins/com.nxp.mcuxpresso.tools.win32_11.2.0.202008311134/tools/bin/../lib/gcc/arm-none-eabi/9.2.1/../../../../arm-none-eabi/lib/thumb/v6-m/nofp\libcr_c.a(memset.o)
 .comment       0x00000079       0x7a c:/nxp/mcuxpressoide_11.2.1_4149/ide/plugins/com.nxp.mcuxpresso.tools.win32_11.2.0.202008311134/tools/bin/../lib/gcc/arm-none-eabi/9.2.1/../../../../arm-none-eabi/lib/thumb/v6-m/nofp\libcr_c.a(_deferredlazyseek.o)
 .comment       0x00000079       0x7a c:/nxp/mcuxpressoide_11.2.1_4149/ide/plugins/com.nxp.mcuxpresso.tools.win32_11.2.0.202008311134/tools/bin/../lib/gcc/arm-none-eabi/9.2.1/../../../../arm-none-eabi/lib/thumb/v6-m/nofp\libcr_c.a(_fflush.o)
 .comment       0x00000079       0x7a c:/nxp/mcuxpressoide_11.2.1_4149/ide/plugins/com.nxp.mcuxpresso.tools.win32_11.2.0.202008311134/tools/bin/../lib/gcc/arm-none-eabi/9.2.1/../../../../arm-none-eabi/lib/thumb/v6-m/nofp\libcr_c.a(_writebuf.o)
 .comment       0x00000079       0x7a c:/nxp/mcuxpressoide_11.2.1_4149/ide/plugins/com.nxp.mcuxpresso.tools.win32_11.2.0.202008311134/tools/bin/../lib/gcc/arm-none-eabi/9.2.1/../../../../arm-none-eabi/lib/thumb/v6-m/nofp\libcr_c.a(alloc.o)
 .comment       0x00000079       0x7a c:/nxp/mcuxpressoide_11.2.1_4149/ide/plugins/com.nxp.mcuxpresso.tools.win32_11.2.0.202008311134/tools/bin/../lib/gcc/arm-none-eabi/9.2.1/../../../../arm-none-eabi/lib/thumb/v6-m/nofp\libcr_c.a(fputs.o)
 .comment       0x00000079       0x7a c:/nxp/mcuxpressoide_11.2.1_4149/ide/plugins/com.nxp.mcuxpresso.tools.win32_11.2.0.202008311134/tools/bin/../lib/gcc/arm-none-eabi/9.2.1/../../../../arm-none-eabi/lib/thumb/v6-m/nofp\libcr_c.a(fseek.o)
 .comment       0x00000079       0x7a c:/nxp/mcuxpressoide_11.2.1_4149/ide/plugins/com.nxp.mcuxpresso.tools.win32_11.2.0.202008311134/tools/bin/../lib/gcc/arm-none-eabi/9.2.1/../../../../arm-none-eabi/lib/thumb/v6-m/nofp\libcr_c.a(ftell.o)
 .comment       0x00000079       0x7a c:/nxp/mcuxpressoide_11.2.1_4149/ide/plugins/com.nxp.mcuxpresso.tools.win32_11.2.0.202008311134/tools/bin/../lib/gcc/arm-none-eabi/9.2.1/../../../../arm-none-eabi/lib/thumb/v6-m/nofp\libcr_c.a(initio.o)
 .comment       0x00000079       0x7a c:/nxp/mcuxpressoide_11.2.1_4149/ide/plugins/com.nxp.mcuxpresso.tools.win32_11.2.0.202008311134/tools/bin/../lib/gcc/arm-none-eabi/9.2.1/../../../../arm-none-eabi/lib/thumb/v6-m/nofp\libcr_c.a(printf.o)
 .comment       0x00000079       0x7a c:/nxp/mcuxpressoide_11.2.1_4149/ide/plugins/com.nxp.mcuxpresso.tools.win32_11.2.0.202008311134/tools/bin/../lib/gcc/arm-none-eabi/9.2.1/../../../../arm-none-eabi/lib/thumb/v6-m/nofp\libcr_c.a(setvbuf.o)
 .comment       0x00000079       0x7a c:/nxp/mcuxpressoide_11.2.1_4149/ide/plugins/com.nxp.mcuxpresso.tools.win32_11.2.0.202008311134/tools/bin/../lib/gcc/arm-none-eabi/9.2.1/../../../../arm-none-eabi/lib/thumb/v6-m/nofp\libcr_c.a(strlen.o)
 .comment       0x00000079       0x7a c:/nxp/mcuxpressoide_11.2.1_4149/ide/plugins/com.nxp.mcuxpresso.tools.win32_11.2.0.202008311134/tools/bin/../lib/gcc/arm-none-eabi/9.2.1/../../../../arm-none-eabi/lib/thumb/v6-m/nofp\libcr_c.a(__init_alloc.o)
 .comment       0x00000079       0x7a c:/nxp/mcuxpressoide_11.2.1_4149/ide/plugins/com.nxp.mcuxpresso.tools.win32_11.2.0.202008311134/tools/bin/../lib/gcc/arm-none-eabi/9.2.1/../../../../arm-none-eabi/lib/thumb/v6-m/nofp\libcr_c.a(_cr_sbrk.o)
 .comment       0x00000079       0x7a c:/nxp/mcuxpressoide_11.2.1_4149/ide/plugins/com.nxp.mcuxpresso.tools.win32_11.2.0.202008311134/tools/bin/../lib/gcc/arm-none-eabi/9.2.1/../../../../arm-none-eabi/lib/thumb/v6-m/nofp\libcr_c.a(_fdopen.o)
 .comment       0x00000079       0x7a c:/nxp/mcuxpressoide_11.2.1_4149/ide/plugins/com.nxp.mcuxpresso.tools.win32_11.2.0.202008311134/tools/bin/../lib/gcc/arm-none-eabi/9.2.1/../../../../arm-none-eabi/lib/thumb/v6-m/nofp\libcr_c.a(errno.o)
 .comment       0x00000079       0x7a c:/nxp/mcuxpressoide_11.2.1_4149/ide/plugins/com.nxp.mcuxpresso.tools.win32_11.2.0.202008311134/tools/bin/../lib/gcc/arm-none-eabi/9.2.1/../../../../arm-none-eabi/lib/thumb/v6-m/nofp\libcr_c.a(fclose.o)
 .comment       0x00000079       0x7a c:/nxp/mcuxpressoide_11.2.1_4149/ide/plugins/com.nxp.mcuxpresso.tools.win32_11.2.0.202008311134/tools/bin/../lib/gcc/arm-none-eabi/9.2.1/../../../../arm-none-eabi/lib/thumb/v6-m/nofp\libcr_c.a(fflush.o)
 .comment       0x00000079       0x7a c:/nxp/mcuxpressoide_11.2.1_4149/ide/plugins/com.nxp.mcuxpresso.tools.win32_11.2.0.202008311134/tools/bin/../lib/gcc/arm-none-eabi/9.2.1/../../../../arm-none-eabi/lib/thumb/v6-m/nofp\libcr_c.a(remove.o)
 .comment       0x00000079       0x7a c:/nxp/mcuxpressoide_11.2.1_4149/ide/plugins/com.nxp.mcuxpresso.tools.win32_11.2.0.202008311134/tools/bin/../lib/gcc/arm-none-eabi/9.2.1/../../../../arm-none-eabi/lib/thumb/v6-m/nofp\libcr_c.a(_cr_check_heap.o)
 .comment       0x00000079       0x7a c:/nxp/mcuxpressoide_11.2.1_4149/ide/plugins/com.nxp.mcuxpresso.tools.win32_11.2.0.202008311134/tools/bin/../lib/gcc/arm-none-eabi/9.2.1/../../../../arm-none-eabi/lib/thumb/v6-m/nofp\libcr_c.a(_do_fflush.o)

.ARM.attributes
                0x00000000       0x2a
 .ARM.attributes
                0x00000000       0x2c ./utilities/fsl_debug_console.o
 .ARM.attributes
                0x0000002c       0x2c ./utilities/fsl_io.o
 .ARM.attributes
                0x00000058       0x2c ./utilities/fsl_log.o
 .ARM.attributes
                0x00000084       0x2c ./startup/startup_mkl02z4.o
 .ARM.attributes
                0x000000b0       0x2c ./source/Proyecto_cuarto_maduracion_de_frutas.o
 .ARM.attributes
                0x000000dc       0x32 ./source/mtb.o
 .ARM.attributes
                0x0000010e       0x2c ./source/semihost_hardfault.o
 .ARM.attributes
                0x0000013a       0x2c ./drivers/fsl_clock.o
 .ARM.attributes
                0x00000166       0x2c ./drivers/fsl_lpsci.o
 .ARM.attributes
                0x00000192       0x2c ./board/board.o
 .ARM.attributes
                0x000001be       0x2c ./board/clock_config.o
 .ARM.attributes
                0x000001ea       0x2c ./board/peripherals.o
 .ARM.attributes
                0x00000216       0x2c ./board/pin_mux.o
 .ARM.attributes
                0x00000242       0x2c ./CMSIS/system_MKL02Z4.o
 .ARM.attributes
                0x0000026e       0x2c c:/nxp/mcuxpressoide_11.2.1_4149/ide/plugins/com.nxp.mcuxpresso.tools.win32_11.2.0.202008311134/tools/bin/../lib/gcc/arm-none-eabi/9.2.1/../../../../arm-none-eabi/lib/thumb/v6-m/nofp\libcr_semihost_nf.a(_cr__main.o)
 .ARM.attributes
                0x0000029a       0x2c c:/nxp/mcuxpressoide_11.2.1_4149/ide/plugins/com.nxp.mcuxpresso.tools.win32_11.2.0.202008311134/tools/bin/../lib/gcc/arm-none-eabi/9.2.1/../../../../arm-none-eabi/lib/thumb/v6-m/nofp\libcr_semihost_nf.a(_cr_assert.o)
 .ARM.attributes
                0x000002c6       0x31 c:/nxp/mcuxpressoide_11.2.1_4149/ide/plugins/com.nxp.mcuxpresso.tools.win32_11.2.0.202008311134/tools/bin/../lib/gcc/arm-none-eabi/9.2.1/../../../../arm-none-eabi/lib/thumb/v6-m/nofp\libcr_semihost_nf.a(__ciob.o)
 .ARM.attributes
                0x000002f7       0x1c c:/nxp/mcuxpressoide_11.2.1_4149/ide/plugins/com.nxp.mcuxpresso.tools.win32_11.2.0.202008311134/tools/bin/../lib/gcc/arm-none-eabi/9.2.1/../../../../arm-none-eabi/lib/thumb/v6-m/nofp\libcr_semihost_nf.a(__sys_appexit.o)
 .ARM.attributes
                0x00000313       0x2c c:/nxp/mcuxpressoide_11.2.1_4149/ide/plugins/com.nxp.mcuxpresso.tools.win32_11.2.0.202008311134/tools/bin/../lib/gcc/arm-none-eabi/9.2.1/../../../../arm-none-eabi/lib/thumb/v6-m/nofp\libcr_c.a(memset.o)
 .ARM.attributes
                0x0000033f       0x2c c:/nxp/mcuxpressoide_11.2.1_4149/ide/plugins/com.nxp.mcuxpresso.tools.win32_11.2.0.202008311134/tools/bin/../lib/gcc/arm-none-eabi/9.2.1/../../../../arm-none-eabi/lib/thumb/v6-m/nofp\libcr_c.a(_deferredlazyseek.o)
 .ARM.attributes
                0x0000036b       0x2c c:/nxp/mcuxpressoide_11.2.1_4149/ide/plugins/com.nxp.mcuxpresso.tools.win32_11.2.0.202008311134/tools/bin/../lib/gcc/arm-none-eabi/9.2.1/../../../../arm-none-eabi/lib/thumb/v6-m/nofp\libcr_c.a(_fflush.o)
 .ARM.attributes
                0x00000397       0x2c c:/nxp/mcuxpressoide_11.2.1_4149/ide/plugins/com.nxp.mcuxpresso.tools.win32_11.2.0.202008311134/tools/bin/../lib/gcc/arm-none-eabi/9.2.1/../../../../arm-none-eabi/lib/thumb/v6-m/nofp\libcr_c.a(_writebuf.o)
 .ARM.attributes
                0x000003c3       0x2c c:/nxp/mcuxpressoide_11.2.1_4149/ide/plugins/com.nxp.mcuxpresso.tools.win32_11.2.0.202008311134/tools/bin/../lib/gcc/arm-none-eabi/9.2.1/../../../../arm-none-eabi/lib/thumb/v6-m/nofp\libcr_c.a(alloc.o)
 .ARM.attributes
                0x000003ef       0x2c c:/nxp/mcuxpressoide_11.2.1_4149/ide/plugins/com.nxp.mcuxpresso.tools.win32_11.2.0.202008311134/tools/bin/../lib/gcc/arm-none-eabi/9.2.1/../../../../arm-none-eabi/lib/thumb/v6-m/nofp\libcr_c.a(fputs.o)
 .ARM.attributes
                0x0000041b       0x2c c:/nxp/mcuxpressoide_11.2.1_4149/ide/plugins/com.nxp.mcuxpresso.tools.win32_11.2.0.202008311134/tools/bin/../lib/gcc/arm-none-eabi/9.2.1/../../../../arm-none-eabi/lib/thumb/v6-m/nofp\libcr_c.a(fseek.o)
 .ARM.attributes
                0x00000447       0x2c c:/nxp/mcuxpressoide_11.2.1_4149/ide/plugins/com.nxp.mcuxpresso.tools.win32_11.2.0.202008311134/tools/bin/../lib/gcc/arm-none-eabi/9.2.1/../../../../arm-none-eabi/lib/thumb/v6-m/nofp\libcr_c.a(ftell.o)
 .ARM.attributes
                0x00000473       0x2c c:/nxp/mcuxpressoide_11.2.1_4149/ide/plugins/com.nxp.mcuxpresso.tools.win32_11.2.0.202008311134/tools/bin/../lib/gcc/arm-none-eabi/9.2.1/../../../../arm-none-eabi/lib/thumb/v6-m/nofp\libcr_c.a(initio.o)
 .ARM.attributes
                0x0000049f       0x2c c:/nxp/mcuxpressoide_11.2.1_4149/ide/plugins/com.nxp.mcuxpresso.tools.win32_11.2.0.202008311134/tools/bin/../lib/gcc/arm-none-eabi/9.2.1/../../../../arm-none-eabi/lib/thumb/v6-m/nofp\libcr_c.a(printf.o)
 .ARM.attributes
                0x000004cb       0x2c c:/nxp/mcuxpressoide_11.2.1_4149/ide/plugins/com.nxp.mcuxpresso.tools.win32_11.2.0.202008311134/tools/bin/../lib/gcc/arm-none-eabi/9.2.1/../../../../arm-none-eabi/lib/thumb/v6-m/nofp\libcr_c.a(setvbuf.o)
 .ARM.attributes
                0x000004f7       0x2c c:/nxp/mcuxpressoide_11.2.1_4149/ide/plugins/com.nxp.mcuxpresso.tools.win32_11.2.0.202008311134/tools/bin/../lib/gcc/arm-none-eabi/9.2.1/../../../../arm-none-eabi/lib/thumb/v6-m/nofp\libcr_c.a(strlen.o)
 .ARM.attributes
                0x00000523       0x2c c:/nxp/mcuxpressoide_11.2.1_4149/ide/plugins/com.nxp.mcuxpresso.tools.win32_11.2.0.202008311134/tools/bin/../lib/gcc/arm-none-eabi/9.2.1/../../../../arm-none-eabi/lib/thumb/v6-m/nofp\libcr_c.a(__init_alloc.o)
 .ARM.attributes
                0x0000054f       0x2c c:/nxp/mcuxpressoide_11.2.1_4149/ide/plugins/com.nxp.mcuxpresso.tools.win32_11.2.0.202008311134/tools/bin/../lib/gcc/arm-none-eabi/9.2.1/../../../../arm-none-eabi/lib/thumb/v6-m/nofp\libcr_c.a(_cr_sbrk.o)
 .ARM.attributes
                0x0000057b       0x2c c:/nxp/mcuxpressoide_11.2.1_4149/ide/plugins/com.nxp.mcuxpresso.tools.win32_11.2.0.202008311134/tools/bin/../lib/gcc/arm-none-eabi/9.2.1/../../../../arm-none-eabi/lib/thumb/v6-m/nofp\libcr_c.a(_fdopen.o)
 .ARM.attributes
                0x000005a7       0x31 c:/nxp/mcuxpressoide_11.2.1_4149/ide/plugins/com.nxp.mcuxpresso.tools.win32_11.2.0.202008311134/tools/bin/../lib/gcc/arm-none-eabi/9.2.1/../../../../arm-none-eabi/lib/thumb/v6-m/nofp\libcr_c.a(errno.o)
 .ARM.attributes
                0x000005d8       0x2c c:/nxp/mcuxpressoide_11.2.1_4149/ide/plugins/com.nxp.mcuxpresso.tools.win32_11.2.0.202008311134/tools/bin/../lib/gcc/arm-none-eabi/9.2.1/../../../../arm-none-eabi/lib/thumb/v6-m/nofp\libcr_c.a(fclose.o)
 .ARM.attributes
                0x00000604       0x2c c:/nxp/mcuxpressoide_11.2.1_4149/ide/plugins/com.nxp.mcuxpresso.tools.win32_11.2.0.202008311134/tools/bin/../lib/gcc/arm-none-eabi/9.2.1/../../../../arm-none-eabi/lib/thumb/v6-m/nofp\libcr_c.a(fflush.o)
 .ARM.attributes
                0x00000630       0x2c c:/nxp/mcuxpressoide_11.2.1_4149/ide/plugins/com.nxp.mcuxpresso.tools.win32_11.2.0.202008311134/tools/bin/../lib/gcc/arm-none-eabi/9.2.1/../../../../arm-none-eabi/lib/thumb/v6-m/nofp\libcr_c.a(remove.o)
 .ARM.attributes
                0x0000065c       0x2c c:/nxp/mcuxpressoide_11.2.1_4149/ide/plugins/com.nxp.mcuxpresso.tools.win32_11.2.0.202008311134/tools/bin/../lib/gcc/arm-none-eabi/9.2.1/../../../../arm-none-eabi/lib/thumb/v6-m/nofp\libcr_c.a(_cr_check_heap.o)
 .ARM.attributes
                0x00000688       0x2c c:/nxp/mcuxpressoide_11.2.1_4149/ide/plugins/com.nxp.mcuxpresso.tools.win32_11.2.0.202008311134/tools/bin/../lib/gcc/arm-none-eabi/9.2.1/../../../../arm-none-eabi/lib/thumb/v6-m/nofp\libcr_c.a(_do_fflush.o)
 .ARM.attributes
                0x000006b4       0x1c c:/nxp/mcuxpressoide_11.2.1_4149/ide/plugins/com.nxp.mcuxpresso.tools.win32_11.2.0.202008311134/tools/bin/../lib/gcc/arm-none-eabi/9.2.1/thumb/v6-m/nofp\libcr_eabihelpers.a(division_32.o)
 .ARM.attributes
                0x000006d0       0x1c c:/nxp/mcuxpressoide_11.2.1_4149/ide/plugins/com.nxp.mcuxpresso.tools.win32_11.2.0.202008311134/tools/bin/../lib/gcc/arm-none-eabi/9.2.1/thumb/v6-m/nofp\libcr_eabihelpers.a(division_idiv0.o)
 .ARM.attributes
                0x000006ec       0x1c c:/nxp/mcuxpressoide_11.2.1_4149/ide/plugins/com.nxp.mcuxpresso.tools.win32_11.2.0.202008311134/tools/bin/../lib/gcc/arm-none-eabi/9.2.1/thumb/v6-m/nofp\libcr_eabihelpers.a(llong.o)
 .ARM.attributes
                0x00000708       0x1c c:/nxp/mcuxpressoide_11.2.1_4149/ide/plugins/com.nxp.mcuxpresso.tools.win32_11.2.0.202008311134/tools/bin/../lib/gcc/arm-none-eabi/9.2.1/thumb/v6-m/nofp\libcr_eabihelpers.a(memcpy.o)
 .ARM.attributes
                0x00000724       0x1c c:/nxp/mcuxpressoide_11.2.1_4149/ide/plugins/com.nxp.mcuxpresso.tools.win32_11.2.0.202008311134/tools/bin/../lib/gcc/arm-none-eabi/9.2.1/thumb/v6-m/nofp\libcr_eabihelpers.a(thumb1_switch_helpers.o)
 .ARM.attributes
                0x00000740       0x1c c:/nxp/mcuxpressoide_11.2.1_4149/ide/plugins/com.nxp.mcuxpresso.tools.win32_11.2.0.202008311134/tools/bin/../lib/gcc/arm-none-eabi/9.2.1/../../../../arm-none-eabi/lib/thumb/v6-m/nofp\libcr_semihost_nf.a(__sys_close.o)
 .ARM.attributes
                0x0000075c       0x1c c:/nxp/mcuxpressoide_11.2.1_4149/ide/plugins/com.nxp.mcuxpresso.tools.win32_11.2.0.202008311134/tools/bin/../lib/gcc/arm-none-eabi/9.2.1/../../../../arm-none-eabi/lib/thumb/v6-m/nofp\libcr_semihost_nf.a(__sys_flen.o)
 .ARM.attributes
                0x00000778       0x1c c:/nxp/mcuxpressoide_11.2.1_4149/ide/plugins/com.nxp.mcuxpresso.tools.win32_11.2.0.202008311134/tools/bin/../lib/gcc/arm-none-eabi/9.2.1/../../../../arm-none-eabi/lib/thumb/v6-m/nofp\libcr_semihost_nf.a(__sys_istty.o)
 .ARM.attributes
                0x00000794       0x1c c:/nxp/mcuxpressoide_11.2.1_4149/ide/plugins/com.nxp.mcuxpresso.tools.win32_11.2.0.202008311134/tools/bin/../lib/gcc/arm-none-eabi/9.2.1/../../../../arm-none-eabi/lib/thumb/v6-m/nofp\libcr_semihost_nf.a(__sys_remove.o)
 .ARM.attributes
                0x000007b0       0x1c c:/nxp/mcuxpressoide_11.2.1_4149/ide/plugins/com.nxp.mcuxpresso.tools.win32_11.2.0.202008311134/tools/bin/../lib/gcc/arm-none-eabi/9.2.1/../../../../arm-none-eabi/lib/thumb/v6-m/nofp\libcr_semihost_nf.a(__sys_seek.o)
 .ARM.attributes
                0x000007cc       0x1c c:/nxp/mcuxpressoide_11.2.1_4149/ide/plugins/com.nxp.mcuxpresso.tools.win32_11.2.0.202008311134/tools/bin/../lib/gcc/arm-none-eabi/9.2.1/../../../../arm-none-eabi/lib/thumb/v6-m/nofp\libcr_semihost_nf.a(__sys_tmpnam.o)

.debug_frame    0x00000000     0x1204
 .debug_frame   0x00000000       0xa8 ./utilities/fsl_debug_console.o
 .debug_frame   0x000000a8       0xc8 ./utilities/fsl_io.o
 .debug_frame   0x00000170      0x108 ./utilities/fsl_log.o
 .debug_frame   0x00000278      0x3b0 ./startup/startup_mkl02z4.o
 .debug_frame   0x00000628       0x2c ./source/Proyecto_cuarto_maduracion_de_frutas.o
 .debug_frame   0x00000654       0x20 ./source/semihost_hardfault.o
 .debug_frame   0x00000674      0x528 ./drivers/fsl_clock.o
 .debug_frame   0x00000b9c      0x414 ./drivers/fsl_lpsci.o
 .debug_frame   0x00000fb0       0x50 ./board/board.o
 .debug_frame   0x00001000      0x104 ./board/clock_config.o
 .debug_frame   0x00001104       0x2c ./board/peripherals.o
 .debug_frame   0x00001130       0x88 ./board/pin_mux.o
 .debug_frame   0x000011b8       0x4c ./CMSIS/system_MKL02Z4.o

Cross Reference Table

Symbol                                            File
ADC0_DriverIRQHandler                             ./startup/startup_mkl02z4.o
ADC0_IRQHandler                                   ./startup/startup_mkl02z4.o
BOARD_BootClockRUN                                ./board/clock_config.o
BOARD_BootClockVLPR                               ./board/clock_config.o
BOARD_InitBootClocks                              ./board/clock_config.o
                                                  ./source/Proyecto_cuarto_maduracion_de_frutas.o
BOARD_InitBootPeripherals                         ./board/peripherals.o
                                                  ./source/Proyecto_cuarto_maduracion_de_frutas.o
BOARD_InitBootPins                                ./board/pin_mux.o
                                                  ./source/Proyecto_cuarto_maduracion_de_frutas.o
BOARD_InitDebugConsole                            ./board/board.o
                                                  ./source/Proyecto_cuarto_maduracion_de_frutas.o
BOARD_InitPins                                    ./board/pin_mux.o
CLOCK_BootToBlpeMode                              ./drivers/fsl_clock.o
CLOCK_BootToBlpiMode                              ./drivers/fsl_clock.o
                                                  ./board/clock_config.o
CLOCK_BootToFeeMode                               ./drivers/fsl_clock.o
                                                  ./board/clock_config.o
CLOCK_BootToFeiMode                               ./drivers/fsl_clock.o
CLOCK_ClearStatusFlags                            ./drivers/fsl_clock.o
CLOCK_DeinitOsc0                                  ./drivers/fsl_clock.o
CLOCK_ExternalModeToFbeModeQuick                  ./drivers/fsl_clock.o
CLOCK_FllStableDelay                              ./drivers/fsl_clock.o
CLOCK_GetBusClkFreq                               ./drivers/fsl_clock.o
CLOCK_GetCoreSysClkFreq                           ./drivers/fsl_clock.o
CLOCK_GetEr32kClkFreq                             ./drivers/fsl_clock.o
CLOCK_GetFixedFreqClkFreq                         ./drivers/fsl_clock.o
CLOCK_GetFlashClkFreq                             ./drivers/fsl_clock.o
CLOCK_GetFllFreq                                  ./drivers/fsl_clock.o
                                                  ./board/board.o
CLOCK_GetFreq                                     ./drivers/fsl_clock.o
CLOCK_GetInternalRefClkFreq                       ./drivers/fsl_clock.o
CLOCK_GetMode                                     ./drivers/fsl_clock.o
CLOCK_GetOsc0ErClkFreq                            ./drivers/fsl_clock.o
CLOCK_GetOutClkFreq                               ./drivers/fsl_clock.o
CLOCK_GetPlatClkFreq                              ./drivers/fsl_clock.o
CLOCK_GetStatusFlags                              ./drivers/fsl_clock.o
CLOCK_InitOsc0                                    ./drivers/fsl_clock.o
                                                  ./board/clock_config.o
CLOCK_InternalModeToFbiModeQuick                  ./drivers/fsl_clock.o
CLOCK_SetBlpeMode                                 ./drivers/fsl_clock.o
CLOCK_SetBlpiMode                                 ./drivers/fsl_clock.o
CLOCK_SetExternalRefClkConfig                     ./drivers/fsl_clock.o
CLOCK_SetFbeMode                                  ./drivers/fsl_clock.o
CLOCK_SetFbiMode                                  ./drivers/fsl_clock.o
CLOCK_SetFeeMode                                  ./drivers/fsl_clock.o
CLOCK_SetFeiMode                                  ./drivers/fsl_clock.o
CLOCK_SetInternalRefClkConfig                     ./drivers/fsl_clock.o
                                                  ./board/clock_config.o
CLOCK_SetMcgConfig                                ./drivers/fsl_clock.o
CLOCK_SetOsc0MonitorMode                          ./drivers/fsl_clock.o
CLOCK_SetSimConfig                                ./drivers/fsl_clock.o
                                                  ./board/clock_config.o
CLOCK_TrimInternalRefClk                          ./drivers/fsl_clock.o
CMP0_DriverIRQHandler                             ./startup/startup_mkl02z4.o
CMP0_IRQHandler                                   ./startup/startup_mkl02z4.o
DbgConsole_Deinit                                 ./utilities/fsl_debug_console.o
DbgConsole_Flush                                  ./utilities/fsl_debug_console.o
DbgConsole_Init                                   ./utilities/fsl_debug_console.o
                                                  ./board/board.o
FGPIO_PinInit                                     ./drivers/fsl_gpio.o
FGPIO_PortClearInterruptFlags                     ./drivers/fsl_gpio.o
FGPIO_PortGetInterruptFlags                       ./drivers/fsl_gpio.o
FLASH_Erase                                       ./drivers/fsl_flash.o
FLASH_EraseAll                                    ./drivers/fsl_flash.o
FLASH_EraseAllExecuteOnlySegments                 ./drivers/fsl_flash.o
FLASH_GetProperty                                 ./drivers/fsl_flash.o
FLASH_GetSecurityState                            ./drivers/fsl_flash.o
FLASH_Init                                        ./drivers/fsl_flash.o
FLASH_IsExecuteOnly                               ./drivers/fsl_flash.o
FLASH_IsProtected                                 ./drivers/fsl_flash.o
FLASH_PflashGetPrefetchSpeculation                ./drivers/fsl_flash.o
FLASH_PflashGetProtection                         ./drivers/fsl_flash.o
FLASH_PflashSetPrefetchSpeculation                ./drivers/fsl_flash.o
                                                  ./drivers/fsl_smc.o
FLASH_PflashSetProtection                         ./drivers/fsl_flash.o
FLASH_PrepareExecuteInRamFunctions                ./drivers/fsl_flash.o
FLASH_Program                                     ./drivers/fsl_flash.o
FLASH_ProgramOnce                                 ./drivers/fsl_flash.o
FLASH_ReadOnce                                    ./drivers/fsl_flash.o
FLASH_ReadResource                                ./drivers/fsl_flash.o
FLASH_SecurityBypass                              ./drivers/fsl_flash.o
FLASH_SetProperty                                 ./drivers/fsl_flash.o
FLASH_VerifyErase                                 ./drivers/fsl_flash.o
FLASH_VerifyEraseAll                              ./drivers/fsl_flash.o
FLASH_VerifyEraseAllExecuteOnlySegments           ./drivers/fsl_flash.o
FLASH_VerifyProgram                               ./drivers/fsl_flash.o
FTFA_DriverIRQHandler                             ./startup/startup_mkl02z4.o
FTFA_IRQHandler                                   ./startup/startup_mkl02z4.o
Flash_Config                                      ./startup/startup_mkl02z4.o
GPIO_PinInit                                      ./drivers/fsl_gpio.o
GPIO_PortClearInterruptFlags                      ./drivers/fsl_gpio.o
GPIO_PortGetInterruptFlags                        ./drivers/fsl_gpio.o
HardFault_Handler                                 ./source/semihost_hardfault.o
                                                  ./startup/startup_mkl02z4.o
I2C0_DriverIRQHandler                             ./startup/startup_mkl02z4.o
I2C0_IRQHandler                                   ./startup/startup_mkl02z4.o
I2C1_DriverIRQHandler                             ./startup/startup_mkl02z4.o
I2C1_IRQHandler                                   ./startup/startup_mkl02z4.o
IO_Deinit                                         ./utilities/fsl_io.o
                                                  ./utilities/fsl_log.o
IO_Init                                           ./utilities/fsl_io.o
                                                  ./utilities/fsl_log.o
IO_Transfer                                       ./utilities/fsl_io.o
                                                  ./utilities/fsl_log.o
IO_WaitIdle                                       ./utilities/fsl_io.o
                                                  ./utilities/fsl_log.o
IntDefaultHandler                                 ./startup/startup_mkl02z4.o
LOG_Deinit                                        ./utilities/fsl_log.o
                                                  ./utilities/fsl_debug_console.o
LOG_Init                                          ./utilities/fsl_log.o
                                                  ./utilities/fsl_debug_console.o
LOG_Pop                                           ./utilities/fsl_log.o
LOG_Push                                          ./utilities/fsl_log.o
                                                  ./utilities/fsl_debug_console.o
LOG_ReadCharacter                                 ./utilities/fsl_log.o
                                                  ./utilities/fsl_debug_console.o
LOG_ReadLine                                      ./utilities/fsl_log.o
LOG_WaitIdle                                      ./utilities/fsl_log.o
                                                  ./utilities/fsl_debug_console.o
LPSCI_ClearStatusFlags                            ./drivers/fsl_lpsci.o
LPSCI_Deinit                                      ./drivers/fsl_lpsci.o
                                                  ./utilities/fsl_io.o
LPSCI_DisableInterrupts                           ./drivers/fsl_lpsci.o
LPSCI_EnableInterrupts                            ./drivers/fsl_lpsci.o
LPSCI_GetDefaultConfig                            ./drivers/fsl_lpsci.o
                                                  ./utilities/fsl_io.o
LPSCI_GetEnabledInterrupts                        ./drivers/fsl_lpsci.o
LPSCI_GetInstance                                 ./drivers/fsl_lpsci.o
LPSCI_GetStatusFlags                              ./drivers/fsl_lpsci.o
                                                  ./utilities/fsl_io.o
LPSCI_Init                                        ./drivers/fsl_lpsci.o
                                                  ./utilities/fsl_io.o
LPSCI_ReadBlocking                                ./drivers/fsl_lpsci.o
                                                  ./utilities/fsl_io.o
LPSCI_SetBaudRate                                 ./drivers/fsl_lpsci.o
LPSCI_TransferAbortReceive                        ./drivers/fsl_lpsci.o
LPSCI_TransferAbortSend                           ./drivers/fsl_lpsci.o
LPSCI_TransferCreateHandle                        ./drivers/fsl_lpsci.o
LPSCI_TransferGetReceiveCount                     ./drivers/fsl_lpsci.o
LPSCI_TransferGetRxRingBufferLength               ./drivers/fsl_lpsci.o
LPSCI_TransferGetSendCount                        ./drivers/fsl_lpsci.o
LPSCI_TransferHandleErrorIRQ                      ./drivers/fsl_lpsci.o
LPSCI_TransferHandleIRQ                           ./drivers/fsl_lpsci.o
LPSCI_TransferReceiveNonBlocking                  ./drivers/fsl_lpsci.o
LPSCI_TransferSendNonBlocking                     ./drivers/fsl_lpsci.o
LPSCI_TransferStartRingBuffer                     ./drivers/fsl_lpsci.o
LPSCI_TransferStopRingBuffer                      ./drivers/fsl_lpsci.o
LPSCI_WriteBlocking                               ./drivers/fsl_lpsci.o
                                                  ./utilities/fsl_io.o
LPTMR0_DriverIRQHandler                           ./startup/startup_mkl02z4.o
LPTMR0_IRQHandler                                 ./startup/startup_mkl02z4.o
LVD_LVW_DriverIRQHandler                          ./startup/startup_mkl02z4.o
LVD_LVW_IRQHandler                                ./startup/startup_mkl02z4.o
MCG_DriverIRQHandler                              ./startup/startup_mkl02z4.o
MCG_IRQHandler                                    ./startup/startup_mkl02z4.o
NMI_Handler                                       ./startup/startup_mkl02z4.o
PORTA_DriverIRQHandler                            ./startup/startup_mkl02z4.o
PORTA_IRQHandler                                  ./startup/startup_mkl02z4.o
PORTB_DriverIRQHandler                            ./startup/startup_mkl02z4.o
PORTB_IRQHandler                                  ./startup/startup_mkl02z4.o
PendSV_Handler                                    ./startup/startup_mkl02z4.o
Reserved16_DriverIRQHandler                       ./startup/startup_mkl02z4.o
Reserved16_IRQHandler                             ./startup/startup_mkl02z4.o
Reserved17_DriverIRQHandler                       ./startup/startup_mkl02z4.o
Reserved17_IRQHandler                             ./startup/startup_mkl02z4.o
Reserved18_DriverIRQHandler                       ./startup/startup_mkl02z4.o
Reserved18_IRQHandler                             ./startup/startup_mkl02z4.o
Reserved19_DriverIRQHandler                       ./startup/startup_mkl02z4.o
Reserved19_IRQHandler                             ./startup/startup_mkl02z4.o
Reserved20_DriverIRQHandler                       ./startup/startup_mkl02z4.o
Reserved20_IRQHandler                             ./startup/startup_mkl02z4.o
Reserved23_DriverIRQHandler                       ./startup/startup_mkl02z4.o
Reserved23_IRQHandler                             ./startup/startup_mkl02z4.o
Reserved27_DriverIRQHandler                       ./startup/startup_mkl02z4.o
Reserved27_IRQHandler                             ./startup/startup_mkl02z4.o
Reserved29_DriverIRQHandler                       ./startup/startup_mkl02z4.o
Reserved29_IRQHandler                             ./startup/startup_mkl02z4.o
Reserved30_DriverIRQHandler                       ./startup/startup_mkl02z4.o
Reserved30_IRQHandler                             ./startup/startup_mkl02z4.o
Reserved35_DriverIRQHandler                       ./startup/startup_mkl02z4.o
Reserved35_IRQHandler                             ./startup/startup_mkl02z4.o
Reserved36_DriverIRQHandler                       ./startup/startup_mkl02z4.o
Reserved36_IRQHandler                             ./startup/startup_mkl02z4.o
Reserved37_DriverIRQHandler                       ./startup/startup_mkl02z4.o
Reserved37_IRQHandler                             ./startup/startup_mkl02z4.o
Reserved38_DriverIRQHandler                       ./startup/startup_mkl02z4.o
Reserved38_IRQHandler                             ./startup/startup_mkl02z4.o
Reserved39_DriverIRQHandler                       ./startup/startup_mkl02z4.o
Reserved39_IRQHandler                             ./startup/startup_mkl02z4.o
Reserved40_DriverIRQHandler                       ./startup/startup_mkl02z4.o
Reserved40_IRQHandler                             ./startup/startup_mkl02z4.o
Reserved41_DriverIRQHandler                       ./startup/startup_mkl02z4.o
Reserved41_IRQHandler                             ./startup/startup_mkl02z4.o
Reserved42_DriverIRQHandler                       ./startup/startup_mkl02z4.o
Reserved42_IRQHandler                             ./startup/startup_mkl02z4.o
Reserved45_DriverIRQHandler                       ./startup/startup_mkl02z4.o
Reserved45_IRQHandler                             ./startup/startup_mkl02z4.o
ResetISR                                          ./startup/startup_mkl02z4.o
SMC_PostExitStopModes                             ./drivers/fsl_smc.o
SMC_PostExitWaitModes                             ./drivers/fsl_smc.o
SMC_PreEnterStopModes                             ./drivers/fsl_smc.o
SMC_PreEnterWaitModes                             ./drivers/fsl_smc.o
SMC_SetPowerModeRun                               ./drivers/fsl_smc.o
SMC_SetPowerModeStop                              ./drivers/fsl_smc.o
SMC_SetPowerModeVlls                              ./drivers/fsl_smc.o
SMC_SetPowerModeVlpr                              ./drivers/fsl_smc.o
                                                  ./board/clock_config.o
SMC_SetPowerModeVlps                              ./drivers/fsl_smc.o
SMC_SetPowerModeVlpw                              ./drivers/fsl_smc.o
SMC_SetPowerModeWait                              ./drivers/fsl_smc.o
SPI0_DriverIRQHandler                             ./startup/startup_mkl02z4.o
SPI0_IRQHandler                                   ./startup/startup_mkl02z4.o
SVC_Handler                                       ./startup/startup_mkl02z4.o
StrFormatPrintf                                   ./utilities/fsl_str.o
StrFormatScanf                                    ./utilities/fsl_str.o
SysTick_Handler                                   ./startup/startup_mkl02z4.o
SystemCoreClock                                   ./CMSIS/system_MKL02Z4.o
                                                  ./board/clock_config.o
SystemCoreClockUpdate                             ./CMSIS/system_MKL02Z4.o
SystemInit                                        ./CMSIS/system_MKL02Z4.o
                                                  ./startup/startup_mkl02z4.o
TPM0_DriverIRQHandler                             ./startup/startup_mkl02z4.o
TPM0_IRQHandler                                   ./startup/startup_mkl02z4.o
TPM1_DriverIRQHandler                             ./startup/startup_mkl02z4.o
TPM1_IRQHandler                                   ./startup/startup_mkl02z4.o
UART0_DriverIRQHandler                            ./drivers/fsl_lpsci.o
                                                  ./startup/startup_mkl02z4.o
UART0_IRQHandler                                  ./startup/startup_mkl02z4.o
_Csys_alloc                                       c:/nxp/mcuxpressoide_11.2.1_4149/ide/plugins/com.nxp.mcuxpresso.tools.win32_11.2.0.202008311134/tools/bin/../lib/gcc/arm-none-eabi/9.2.1/../../../../arm-none-eabi/lib/thumb/v6-m/nofp\libcr_c.a(alloc.o)
                                                  c:/nxp/mcuxpressoide_11.2.1_4149/ide/plugins/com.nxp.mcuxpresso.tools.win32_11.2.0.202008311134/tools/bin/../lib/gcc/arm-none-eabi/9.2.1/../../../../arm-none-eabi/lib/thumb/v6-m/nofp\libcr_c.a(_deferredlazyseek.o)
_Cwritebuf                                        c:/nxp/mcuxpressoide_11.2.1_4149/ide/plugins/com.nxp.mcuxpresso.tools.win32_11.2.0.202008311134/tools/bin/../lib/gcc/arm-none-eabi/9.2.1/../../../../arm-none-eabi/lib/thumb/v6-m/nofp\libcr_c.a(_writebuf.o)
                                                  c:/nxp/mcuxpressoide_11.2.1_4149/ide/plugins/com.nxp.mcuxpresso.tools.win32_11.2.0.202008311134/tools/bin/../lib/gcc/arm-none-eabi/9.2.1/../../../../arm-none-eabi/lib/thumb/v6-m/nofp\libcr_c.a(_fflush.o)
                                                  c:/nxp/mcuxpressoide_11.2.1_4149/ide/plugins/com.nxp.mcuxpresso.tools.win32_11.2.0.202008311134/tools/bin/../lib/gcc/arm-none-eabi/9.2.1/../../../../arm-none-eabi/lib/thumb/v6-m/nofp\libcr_c.a(_deferredlazyseek.o)
__CR_SEMIHOST                                     c:/nxp/mcuxpressoide_11.2.1_4149/ide/plugins/com.nxp.mcuxpresso.tools.win32_11.2.0.202008311134/tools/bin/../lib/gcc/arm-none-eabi/9.2.1/../../../../arm-none-eabi/lib/thumb/v6-m/nofp\libcr_semihost_nf.a(_cr__main.o)
__Ciob                                            c:/nxp/mcuxpressoide_11.2.1_4149/ide/plugins/com.nxp.mcuxpresso.tools.win32_11.2.0.202008311134/tools/bin/../lib/gcc/arm-none-eabi/9.2.1/../../../../arm-none-eabi/lib/thumb/v6-m/nofp\libcr_semihost_nf.a(__ciob.o)
                                                  c:/nxp/mcuxpressoide_11.2.1_4149/ide/plugins/com.nxp.mcuxpresso.tools.win32_11.2.0.202008311134/tools/bin/../lib/gcc/arm-none-eabi/9.2.1/../../../../arm-none-eabi/lib/thumb/v6-m/nofp\libcr_c.a(fflush.o)
                                                  c:/nxp/mcuxpressoide_11.2.1_4149/ide/plugins/com.nxp.mcuxpresso.tools.win32_11.2.0.202008311134/tools/bin/../lib/gcc/arm-none-eabi/9.2.1/../../../../arm-none-eabi/lib/thumb/v6-m/nofp\libcr_c.a(printf.o)
                                                  c:/nxp/mcuxpressoide_11.2.1_4149/ide/plugins/com.nxp.mcuxpresso.tools.win32_11.2.0.202008311134/tools/bin/../lib/gcc/arm-none-eabi/9.2.1/../../../../arm-none-eabi/lib/thumb/v6-m/nofp\libcr_c.a(initio.o)
                                                  c:/nxp/mcuxpressoide_11.2.1_4149/ide/plugins/com.nxp.mcuxpresso.tools.win32_11.2.0.202008311134/tools/bin/../lib/gcc/arm-none-eabi/9.2.1/../../../../arm-none-eabi/lib/thumb/v6-m/nofp\libcr_semihost_nf.a(_cr_assert.o)
__Vectors                                         ./startup/startup_mkl02z4.o
__aeabi_idiv                                      c:/nxp/mcuxpressoide_11.2.1_4149/ide/plugins/com.nxp.mcuxpresso.tools.win32_11.2.0.202008311134/tools/bin/../lib/gcc/arm-none-eabi/9.2.1/thumb/v6-m/nofp\libcr_eabihelpers.a(division_32.o)
                                                  ./utilities/fsl_str.o
__aeabi_idiv0                                     c:/nxp/mcuxpressoide_11.2.1_4149/ide/plugins/com.nxp.mcuxpresso.tools.win32_11.2.0.202008311134/tools/bin/../lib/gcc/arm-none-eabi/9.2.1/thumb/v6-m/nofp\libcr_eabihelpers.a(division_idiv0.o)
                                                  c:/nxp/mcuxpressoide_11.2.1_4149/ide/plugins/com.nxp.mcuxpresso.tools.win32_11.2.0.202008311134/tools/bin/../lib/gcc/arm-none-eabi/9.2.1/thumb/v6-m/nofp\libcr_eabihelpers.a(division_32.o)
__aeabi_idivmod                                   c:/nxp/mcuxpressoide_11.2.1_4149/ide/plugins/com.nxp.mcuxpresso.tools.win32_11.2.0.202008311134/tools/bin/../lib/gcc/arm-none-eabi/9.2.1/thumb/v6-m/nofp\libcr_eabihelpers.a(division_32.o)
__aeabi_lasr                                      c:/nxp/mcuxpressoide_11.2.1_4149/ide/plugins/com.nxp.mcuxpresso.tools.win32_11.2.0.202008311134/tools/bin/../lib/gcc/arm-none-eabi/9.2.1/thumb/v6-m/nofp\libcr_eabihelpers.a(llong.o)
__aeabi_lcmp                                      c:/nxp/mcuxpressoide_11.2.1_4149/ide/plugins/com.nxp.mcuxpresso.tools.win32_11.2.0.202008311134/tools/bin/../lib/gcc/arm-none-eabi/9.2.1/thumb/v6-m/nofp\libcr_eabihelpers.a(llong.o)
__aeabi_llsl                                      c:/nxp/mcuxpressoide_11.2.1_4149/ide/plugins/com.nxp.mcuxpresso.tools.win32_11.2.0.202008311134/tools/bin/../lib/gcc/arm-none-eabi/9.2.1/thumb/v6-m/nofp\libcr_eabihelpers.a(llong.o)
__aeabi_llsr                                      c:/nxp/mcuxpressoide_11.2.1_4149/ide/plugins/com.nxp.mcuxpresso.tools.win32_11.2.0.202008311134/tools/bin/../lib/gcc/arm-none-eabi/9.2.1/thumb/v6-m/nofp\libcr_eabihelpers.a(llong.o)
__aeabi_lmul                                      c:/nxp/mcuxpressoide_11.2.1_4149/ide/plugins/com.nxp.mcuxpresso.tools.win32_11.2.0.202008311134/tools/bin/../lib/gcc/arm-none-eabi/9.2.1/thumb/v6-m/nofp\libcr_eabihelpers.a(llong.o)
                                                  c:/nxp/mcuxpressoide_11.2.1_4149/ide/plugins/com.nxp.mcuxpresso.tools.win32_11.2.0.202008311134/tools/bin/../lib/gcc/arm-none-eabi/9.2.1/../../../../arm-none-eabi/lib/thumb/v6-m/nofp\libcr_c.a(printf.o)
__aeabi_lowlevel_memset                           c:/nxp/mcuxpressoide_11.2.1_4149/ide/plugins/com.nxp.mcuxpresso.tools.win32_11.2.0.202008311134/tools/bin/../lib/gcc/arm-none-eabi/9.2.1/thumb/v6-m/nofp\libcr_eabihelpers.a(memcpy.o)
                                                  c:/nxp/mcuxpressoide_11.2.1_4149/ide/plugins/com.nxp.mcuxpresso.tools.win32_11.2.0.202008311134/tools/bin/../lib/gcc/arm-none-eabi/9.2.1/../../../../arm-none-eabi/lib/thumb/v6-m/nofp\libcr_c.a(memset.o)
__aeabi_memclr                                    c:/nxp/mcuxpressoide_11.2.1_4149/ide/plugins/com.nxp.mcuxpresso.tools.win32_11.2.0.202008311134/tools/bin/../lib/gcc/arm-none-eabi/9.2.1/thumb/v6-m/nofp\libcr_eabihelpers.a(memcpy.o)
__aeabi_memclr4                                   c:/nxp/mcuxpressoide_11.2.1_4149/ide/plugins/com.nxp.mcuxpresso.tools.win32_11.2.0.202008311134/tools/bin/../lib/gcc/arm-none-eabi/9.2.1/thumb/v6-m/nofp\libcr_eabihelpers.a(memcpy.o)
__aeabi_memclr8                                   c:/nxp/mcuxpressoide_11.2.1_4149/ide/plugins/com.nxp.mcuxpresso.tools.win32_11.2.0.202008311134/tools/bin/../lib/gcc/arm-none-eabi/9.2.1/thumb/v6-m/nofp\libcr_eabihelpers.a(memcpy.o)
__aeabi_memcpy                                    c:/nxp/mcuxpressoide_11.2.1_4149/ide/plugins/com.nxp.mcuxpresso.tools.win32_11.2.0.202008311134/tools/bin/../lib/gcc/arm-none-eabi/9.2.1/thumb/v6-m/nofp\libcr_eabihelpers.a(memcpy.o)
                                                  c:/nxp/mcuxpressoide_11.2.1_4149/ide/plugins/com.nxp.mcuxpresso.tools.win32_11.2.0.202008311134/tools/bin/../lib/gcc/arm-none-eabi/9.2.1/../../../../arm-none-eabi/lib/thumb/v6-m/nofp\libcr_c.a(memcpy.o)
__aeabi_memcpy4                                   c:/nxp/mcuxpressoide_11.2.1_4149/ide/plugins/com.nxp.mcuxpresso.tools.win32_11.2.0.202008311134/tools/bin/../lib/gcc/arm-none-eabi/9.2.1/thumb/v6-m/nofp\libcr_eabihelpers.a(memcpy.o)
__aeabi_memcpy8                                   c:/nxp/mcuxpressoide_11.2.1_4149/ide/plugins/com.nxp.mcuxpresso.tools.win32_11.2.0.202008311134/tools/bin/../lib/gcc/arm-none-eabi/9.2.1/thumb/v6-m/nofp\libcr_eabihelpers.a(memcpy.o)
__aeabi_memmove                                   c:/nxp/mcuxpressoide_11.2.1_4149/ide/plugins/com.nxp.mcuxpresso.tools.win32_11.2.0.202008311134/tools/bin/../lib/gcc/arm-none-eabi/9.2.1/thumb/v6-m/nofp\libcr_eabihelpers.a(memcpy.o)
__aeabi_memmove4                                  c:/nxp/mcuxpressoide_11.2.1_4149/ide/plugins/com.nxp.mcuxpresso.tools.win32_11.2.0.202008311134/tools/bin/../lib/gcc/arm-none-eabi/9.2.1/thumb/v6-m/nofp\libcr_eabihelpers.a(memcpy.o)
__aeabi_memmove8                                  c:/nxp/mcuxpressoide_11.2.1_4149/ide/plugins/com.nxp.mcuxpresso.tools.win32_11.2.0.202008311134/tools/bin/../lib/gcc/arm-none-eabi/9.2.1/thumb/v6-m/nofp\libcr_eabihelpers.a(memcpy.o)
__aeabi_memset                                    c:/nxp/mcuxpressoide_11.2.1_4149/ide/plugins/com.nxp.mcuxpresso.tools.win32_11.2.0.202008311134/tools/bin/../lib/gcc/arm-none-eabi/9.2.1/thumb/v6-m/nofp\libcr_eabihelpers.a(memcpy.o)
__aeabi_memset4                                   c:/nxp/mcuxpressoide_11.2.1_4149/ide/plugins/com.nxp.mcuxpresso.tools.win32_11.2.0.202008311134/tools/bin/../lib/gcc/arm-none-eabi/9.2.1/thumb/v6-m/nofp\libcr_eabihelpers.a(memcpy.o)
__aeabi_memset8                                   c:/nxp/mcuxpressoide_11.2.1_4149/ide/plugins/com.nxp.mcuxpresso.tools.win32_11.2.0.202008311134/tools/bin/../lib/gcc/arm-none-eabi/9.2.1/thumb/v6-m/nofp\libcr_eabihelpers.a(memcpy.o)
__aeabi_uidiv                                     c:/nxp/mcuxpressoide_11.2.1_4149/ide/plugins/com.nxp.mcuxpresso.tools.win32_11.2.0.202008311134/tools/bin/../lib/gcc/arm-none-eabi/9.2.1/thumb/v6-m/nofp\libcr_eabihelpers.a(division_32.o)
                                                  ./CMSIS/system_MKL02Z4.o
                                                  ./drivers/fsl_lpsci.o
                                                  ./drivers/fsl_flash.o
                                                  ./drivers/fsl_clock.o
                                                  ./utilities/fsl_str.o
__aeabi_uidivmod                                  c:/nxp/mcuxpressoide_11.2.1_4149/ide/plugins/com.nxp.mcuxpresso.tools.win32_11.2.0.202008311134/tools/bin/../lib/gcc/arm-none-eabi/9.2.1/thumb/v6-m/nofp\libcr_eabihelpers.a(division_32.o)
                                                  ./drivers/fsl_flash.o
__aeabi_ulcmp                                     c:/nxp/mcuxpressoide_11.2.1_4149/ide/plugins/com.nxp.mcuxpresso.tools.win32_11.2.0.202008311134/tools/bin/../lib/gcc/arm-none-eabi/9.2.1/thumb/v6-m/nofp\libcr_eabihelpers.a(llong.o)
__assertion_failed                                c:/nxp/mcuxpressoide_11.2.1_4149/ide/plugins/com.nxp.mcuxpresso.tools.win32_11.2.0.202008311134/tools/bin/../lib/gcc/arm-none-eabi/9.2.1/../../../../arm-none-eabi/lib/thumb/v6-m/nofp\libcr_semihost_nf.a(_cr_assert.o)
                                                  ./drivers/fsl_lpsci.o
                                                  ./drivers/fsl_gpio.o
                                                  ./drivers/fsl_clock.o
                                                  ./utilities/fsl_log.o
                                                  ./utilities/fsl_io.o
                                                  ./utilities/fsl_debug_console.o
__bss_section_table_end                           ./startup/startup_mkl02z4.o
__check_heap_overflow                             c:/nxp/mcuxpressoide_11.2.1_4149/ide/plugins/com.nxp.mcuxpresso.tools.win32_11.2.0.202008311134/tools/bin/../lib/gcc/arm-none-eabi/9.2.1/../../../../arm-none-eabi/lib/thumb/v6-m/nofp\libcr_c.a(_cr_check_heap.o)
                                                  c:/nxp/mcuxpressoide_11.2.1_4149/ide/plugins/com.nxp.mcuxpresso.tools.win32_11.2.0.202008311134/tools/bin/../lib/gcc/arm-none-eabi/9.2.1/../../../../arm-none-eabi/lib/thumb/v6-m/nofp\libcr_c.a(_cr_sbrk.o)
__data_section_table                              ./startup/startup_mkl02z4.o
__data_section_table_end                          ./startup/startup_mkl02z4.o
__end_of_heap                                     c:/nxp/mcuxpressoide_11.2.1_4149/ide/plugins/com.nxp.mcuxpresso.tools.win32_11.2.0.202008311134/tools/bin/../lib/gcc/arm-none-eabi/9.2.1/../../../../arm-none-eabi/lib/thumb/v6-m/nofp\libcr_c.a(__init_alloc.o)
                                                  c:/nxp/mcuxpressoide_11.2.1_4149/ide/plugins/com.nxp.mcuxpresso.tools.win32_11.2.0.202008311134/tools/bin/../lib/gcc/arm-none-eabi/9.2.1/../../../../arm-none-eabi/lib/thumb/v6-m/nofp\libcr_c.a(_cr_sbrk.o)
__exit                                            c:/nxp/mcuxpressoide_11.2.1_4149/ide/plugins/com.nxp.mcuxpresso.tools.win32_11.2.0.202008311134/tools/bin/../lib/gcc/arm-none-eabi/9.2.1/../../../../arm-none-eabi/lib/thumb/v6-m/nofp\libcr_semihost_nf.a(__sys_appexit.o)
__flsbuf                                          c:/nxp/mcuxpressoide_11.2.1_4149/ide/plugins/com.nxp.mcuxpresso.tools.win32_11.2.0.202008311134/tools/bin/../lib/gcc/arm-none-eabi/9.2.1/../../../../arm-none-eabi/lib/thumb/v6-m/nofp\libcr_c.a(_deferredlazyseek.o)
                                                  c:/nxp/mcuxpressoide_11.2.1_4149/ide/plugins/com.nxp.mcuxpresso.tools.win32_11.2.0.202008311134/tools/bin/../lib/gcc/arm-none-eabi/9.2.1/../../../../arm-none-eabi/lib/thumb/v6-m/nofp\libcr_c.a(printf.o)